Archive member included to satisfy reference by file (symbol)

E:/Programme/STM32CubeIDE_1.15.1/STM32CubeIDE/plugins/com.st.stm32cube.ide.mcu.externaltools.gnu-tools-for-stm32.12.3.rel1.win32_1.0.200.202406191623/tools/bin/../lib/gcc/arm-none-eabi/12.3.1/../../../../arm-none-eabi/lib/thumb/v7e-m+dp/hard\libc_nano.a(libc_a-exit.o)
                              E:/Programme/STM32CubeIDE_1.15.1/STM32CubeIDE/plugins/com.st.stm32cube.ide.mcu.externaltools.gnu-tools-for-stm32.12.3.rel1.win32_1.0.200.202406191623/tools/bin/../lib/gcc/arm-none-eabi/12.3.1/../../../../arm-none-eabi/lib/thumb/v7e-m+dp/hard/crt0.o (exit)
E:/Programme/STM32CubeIDE_1.15.1/STM32CubeIDE/plugins/com.st.stm32cube.ide.mcu.externaltools.gnu-tools-for-stm32.12.3.rel1.win32_1.0.200.202406191623/tools/bin/../lib/gcc/arm-none-eabi/12.3.1/../../../../arm-none-eabi/lib/thumb/v7e-m+dp/hard\libc_nano.a(libc_a-findfp.o)
                              E:/Programme/STM32CubeIDE_1.15.1/STM32CubeIDE/plugins/com.st.stm32cube.ide.mcu.externaltools.gnu-tools-for-stm32.12.3.rel1.win32_1.0.200.202406191623/tools/bin/../lib/gcc/arm-none-eabi/12.3.1/../../../../arm-none-eabi/lib/thumb/v7e-m+dp/hard\libc_nano.a(libc_a-exit.o) (__stdio_exit_handler)
E:/Programme/STM32CubeIDE_1.15.1/STM32CubeIDE/plugins/com.st.stm32cube.ide.mcu.externaltools.gnu-tools-for-stm32.12.3.rel1.win32_1.0.200.202406191623/tools/bin/../lib/gcc/arm-none-eabi/12.3.1/../../../../arm-none-eabi/lib/thumb/v7e-m+dp/hard\libc_nano.a(libc_a-fwalk.o)
                              E:/Programme/STM32CubeIDE_1.15.1/STM32CubeIDE/plugins/com.st.stm32cube.ide.mcu.externaltools.gnu-tools-for-stm32.12.3.rel1.win32_1.0.200.202406191623/tools/bin/../lib/gcc/arm-none-eabi/12.3.1/../../../../arm-none-eabi/lib/thumb/v7e-m+dp/hard\libc_nano.a(libc_a-findfp.o) (_fwalk_sglue)
E:/Programme/STM32CubeIDE_1.15.1/STM32CubeIDE/plugins/com.st.stm32cube.ide.mcu.externaltools.gnu-tools-for-stm32.12.3.rel1.win32_1.0.200.202406191623/tools/bin/../lib/gcc/arm-none-eabi/12.3.1/../../../../arm-none-eabi/lib/thumb/v7e-m+dp/hard\libc_nano.a(libc_a-stdio.o)
                              E:/Programme/STM32CubeIDE_1.15.1/STM32CubeIDE/plugins/com.st.stm32cube.ide.mcu.externaltools.gnu-tools-for-stm32.12.3.rel1.win32_1.0.200.202406191623/tools/bin/../lib/gcc/arm-none-eabi/12.3.1/../../../../arm-none-eabi/lib/thumb/v7e-m+dp/hard\libc_nano.a(libc_a-findfp.o) (__sread)
E:/Programme/STM32CubeIDE_1.15.1/STM32CubeIDE/plugins/com.st.stm32cube.ide.mcu.externaltools.gnu-tools-for-stm32.12.3.rel1.win32_1.0.200.202406191623/tools/bin/../lib/gcc/arm-none-eabi/12.3.1/../../../../arm-none-eabi/lib/thumb/v7e-m+dp/hard\libc_nano.a(libc_a-memset.o)
                              E:/Programme/STM32CubeIDE_1.15.1/STM32CubeIDE/plugins/com.st.stm32cube.ide.mcu.externaltools.gnu-tools-for-stm32.12.3.rel1.win32_1.0.200.202406191623/tools/bin/../lib/gcc/arm-none-eabi/12.3.1/../../../../arm-none-eabi/lib/thumb/v7e-m+dp/hard/crt0.o (memset)
E:/Programme/STM32CubeIDE_1.15.1/STM32CubeIDE/plugins/com.st.stm32cube.ide.mcu.externaltools.gnu-tools-for-stm32.12.3.rel1.win32_1.0.200.202406191623/tools/bin/../lib/gcc/arm-none-eabi/12.3.1/../../../../arm-none-eabi/lib/thumb/v7e-m+dp/hard\libc_nano.a(libc_a-closer.o)
                              E:/Programme/STM32CubeIDE_1.15.1/STM32CubeIDE/plugins/com.st.stm32cube.ide.mcu.externaltools.gnu-tools-for-stm32.12.3.rel1.win32_1.0.200.202406191623/tools/bin/../lib/gcc/arm-none-eabi/12.3.1/../../../../arm-none-eabi/lib/thumb/v7e-m+dp/hard\libc_nano.a(libc_a-stdio.o) (_close_r)
E:/Programme/STM32CubeIDE_1.15.1/STM32CubeIDE/plugins/com.st.stm32cube.ide.mcu.externaltools.gnu-tools-for-stm32.12.3.rel1.win32_1.0.200.202406191623/tools/bin/../lib/gcc/arm-none-eabi/12.3.1/../../../../arm-none-eabi/lib/thumb/v7e-m+dp/hard\libc_nano.a(libc_a-reent.o)
                              E:/Programme/STM32CubeIDE_1.15.1/STM32CubeIDE/plugins/com.st.stm32cube.ide.mcu.externaltools.gnu-tools-for-stm32.12.3.rel1.win32_1.0.200.202406191623/tools/bin/../lib/gcc/arm-none-eabi/12.3.1/../../../../arm-none-eabi/lib/thumb/v7e-m+dp/hard\libc_nano.a(libc_a-closer.o) (errno)
E:/Programme/STM32CubeIDE_1.15.1/STM32CubeIDE/plugins/com.st.stm32cube.ide.mcu.externaltools.gnu-tools-for-stm32.12.3.rel1.win32_1.0.200.202406191623/tools/bin/../lib/gcc/arm-none-eabi/12.3.1/../../../../arm-none-eabi/lib/thumb/v7e-m+dp/hard\libc_nano.a(libc_a-impure.o)
                              E:/Programme/STM32CubeIDE_1.15.1/STM32CubeIDE/plugins/com.st.stm32cube.ide.mcu.externaltools.gnu-tools-for-stm32.12.3.rel1.win32_1.0.200.202406191623/tools/bin/../lib/gcc/arm-none-eabi/12.3.1/../../../../arm-none-eabi/lib/thumb/v7e-m+dp/hard\libc_nano.a(libc_a-reent.o) (_impure_ptr)
E:/Programme/STM32CubeIDE_1.15.1/STM32CubeIDE/plugins/com.st.stm32cube.ide.mcu.externaltools.gnu-tools-for-stm32.12.3.rel1.win32_1.0.200.202406191623/tools/bin/../lib/gcc/arm-none-eabi/12.3.1/../../../../arm-none-eabi/lib/thumb/v7e-m+dp/hard\libc_nano.a(libc_a-lseekr.o)
[...]
Memory Configuration

Name             Origin             Length             Attributes
ITCMRAM          0x00000000         0x00010000         xrw
DTCMRAM          0x20000000         0x00020000         xrw
FLASH            0x08000000         0x00100000         xr
RAM_D1           0x24000000         0x00050000         xrw
RAM_D2           0x30000000         0x00008000         xrw
RAM_D3           0x38000000         0x00004000         xrw
*default*        0x00000000         0xffffffff

Linker script and memory map

LOAD E:/Programme/STM32CubeIDE_1.15.1/STM32CubeIDE/plugins/com.st.stm32cube.ide.mcu.externaltools.gnu-tools-for-stm32.12.3.rel1.win32_1.0.200.202406191623/tools/bin/../lib/gcc/arm-none-eabi/12.3.1/thumb/v7e-m+dp/hard/crti.o
LOAD E:/Programme/STM32CubeIDE_1.15.1/STM32CubeIDE/plugins/com.st.stm32cube.ide.mcu.externaltools.gnu-tools-for-stm32.12.3.rel1.win32_1.0.200.202406191623/tools/bin/../lib/gcc/arm-none-eabi/12.3.1/thumb/v7e-m+dp/hard/crtbegin.o
LOAD E:/Programme/STM32CubeIDE_1.15.1/STM32CubeIDE/plugins/com.st.stm32cube.ide.mcu.externaltools.gnu-tools-for-stm32.12.3.rel1.win32_1.0.200.202406191623/tools/bin/../lib/gcc/arm-none-eabi/12.3.1/../../../../arm-none-eabi/lib/thumb/v7e-m+dp/hard/crt0.o
LOAD ./Core/Src/TMC2209.o
LOAD ./Core/Src/driver.o
LOAD ./Core/Src/homing.o
LOAD ./Core/Src/main.o
LOAD ./Core/Src/move.o
LOAD ./Core/Src/stm32h7xx_hal_msp.o
LOAD ./Core/Src/stm32h7xx_it.o
LOAD ./Core/Src/syscalls.o
LOAD ./Core/Src/sysmem.o
LOAD ./Core/Src/system_stm32h7xx.o
LOAD ./Core/Startup/startup_stm32h723vgtx.o
LOAD ./Drivers/STM32H7xx_HAL_Driver/Src/stm32h7xx_hal.o
LOAD ./Drivers/STM32H7xx_HAL_Driver/Src/stm32h7xx_hal_cortex.o
LOAD ./Drivers/STM32H7xx_HAL_Driver/Src/stm32h7xx_hal_crc.o
LOAD ./Drivers/STM32H7xx_HAL_Driver/Src/stm32h7xx_hal_crc_ex.o
LOAD ./Drivers/STM32H7xx_HAL_Driver/Src/stm32h7xx_hal_dma.o
LOAD ./Drivers/STM32H7xx_HAL_Driver/Src/stm32h7xx_hal_dma_ex.o
LOAD ./Drivers/STM32H7xx_HAL_Driver/Src/stm32h7xx_hal_exti.o
LOAD ./Drivers/STM32H7xx_HAL_Driver/Src/stm32h7xx_hal_flash.o
LOAD ./Drivers/STM32H7xx_HAL_Driver/Src/stm32h7xx_hal_flash_ex.o
LOAD ./Drivers/STM32H7xx_HAL_Driver/Src/stm32h7xx_hal_gpio.o
LOAD ./Drivers/STM32H7xx_HAL_Driver/Src/stm32h7xx_hal_hsem.o
LOAD ./Drivers/STM32H7xx_HAL_Driver/Src/stm32h7xx_hal_i2c.o
LOAD ./Drivers/STM32H7xx_HAL_Driver/Src/stm32h7xx_hal_i2c_ex.o
LOAD ./Drivers/STM32H7xx_HAL_Driver/Src/stm32h7xx_hal_mdma.o
LOAD ./Drivers/STM32H7xx_HAL_Driver/Src/stm32h7xx_hal_pwr.o
LOAD ./Drivers/STM32H7xx_HAL_Driver/Src/stm32h7xx_hal_pwr_ex.o
LOAD ./Drivers/STM32H7xx_HAL_Driver/Src/stm32h7xx_hal_rcc.o
LOAD ./Drivers/STM32H7xx_HAL_Driver/Src/stm32h7xx_hal_rcc_ex.o
LOAD ./Drivers/STM32H7xx_HAL_Driver/Src/stm32h7xx_hal_tim.o
LOAD ./Drivers/STM32H7xx_HAL_Driver/Src/stm32h7xx_hal_tim_ex.o
LOAD ./Drivers/STM32H7xx_HAL_Driver/Src/stm32h7xx_hal_uart.o
LOAD ./Drivers/STM32H7xx_HAL_Driver/Src/stm32h7xx_hal_uart_ex.o
START GROUP
LOAD E:/Programme/STM32CubeIDE_1.15.1/STM32CubeIDE/plugins/com.st.stm32cube.ide.mcu.externaltools.gnu-tools-for-stm32.12.3.rel1.win32_1.0.200.202406191623/tools/bin/../lib/gcc/arm-none-eabi/12.3.1/../../../../arm-none-eabi/lib/thumb/v7e-m+dp/hard\libstdc++_nano.a
LOAD E:/Programme/STM32CubeIDE_1.15.1/STM32CubeIDE/plugins/com.st.stm32cube.ide.mcu.externaltools.gnu-tools-for-stm32.12.3.rel1.win32_1.0.200.202406191623/tools/bin/../lib/gcc/arm-none-eabi/12.3.1/../../../../arm-none-eabi/lib/thumb/v7e-m+dp/hard\libsupc++_nano.a
END GROUP
LOAD E:/Programme/STM32CubeIDE_1.15.1/STM32CubeIDE/plugins/com.st.stm32cube.ide.mcu.externaltools.gnu-tools-for-stm32.12.3.rel1.win32_1.0.200.202406191623/tools/bin/../lib/gcc/arm-none-eabi/12.3.1/../../../../arm-none-eabi/lib/thumb/v7e-m+dp/hard\libstdc++_nano.a
LOAD E:/Programme/STM32CubeIDE_1.15.1/STM32CubeIDE/plugins/com.st.stm32cube.ide.mcu.externaltools.gnu-tools-for-stm32.12.3.rel1.win32_1.0.200.202406191623/tools/bin/../lib/gcc/arm-none-eabi/12.3.1/../../../../arm-none-eabi/lib/thumb/v7e-m+dp/hard\libm.a
LOAD E:/Programme/STM32CubeIDE_1.15.1/STM32CubeIDE/plugins/com.st.stm32cube.ide.mcu.externaltools.gnu-tools-for-stm32.12.3.rel1.win32_1.0.200.202406191623/tools/bin/../lib/gcc/arm-none-eabi/12.3.1/../../../../arm-none-eabi/lib/thumb/v7e-m+dp/hard\libc_nano.a
START GROUP
LOAD E:/Programme/STM32CubeIDE_1.15.1/STM32CubeIDE/plugins/com.st.stm32cube.ide.mcu.externaltools.gnu-tools-for-stm32.12.3.rel1.win32_1.0.200.202406191623/tools/bin/../lib/gcc/arm-none-eabi/12.3.1/thumb/v7e-m+dp/hard\libgcc.a
LOAD E:/Programme/STM32CubeIDE_1.15.1/STM32CubeIDE/plugins/com.st.stm32cube.ide.mcu.externaltools.gnu-tools-for-stm32.12.3.rel1.win32_1.0.200.202406191623/tools/bin/../lib/gcc/arm-none-eabi/12.3.1/../../../../arm-none-eabi/lib/thumb/v7e-m+dp/hard\libc_nano.a
END GROUP
START GROUP
LOAD E:/Programme/STM32CubeIDE_1.15.1/STM32CubeIDE/plugins/com.st.stm32cube.ide.mcu.externaltools.gnu-tools-for-stm32.12.3.rel1.win32_1.0.200.202406191623/tools/bin/../lib/gcc/arm-none-eabi/12.3.1/thumb/v7e-m+dp/hard\libgcc.a
LOAD E:/Programme/STM32CubeIDE_1.15.1/STM32CubeIDE/plugins/com.st.stm32cube.ide.mcu.externaltools.gnu-tools-for-stm32.12.3.rel1.win32_1.0.200.202406191623/tools/bin/../lib/gcc/arm-none-eabi/12.3.1/../../../../arm-none-eabi/lib/thumb/v7e-m+dp/hard\libc_nano.a
END GROUP
LOAD E:/Programme/STM32CubeIDE_1.15.1/STM32CubeIDE/plugins/com.st.stm32cube.ide.mcu.externaltools.gnu-tools-for-stm32.12.3.rel1.win32_1.0.200.202406191623/tools/bin/../lib/gcc/arm-none-eabi/12.3.1/thumb/v7e-m+dp/hard/crtend.o
LOAD E:/Programme/STM32CubeIDE_1.15.1/STM32CubeIDE/plugins/com.st.stm32cube.ide.mcu.externaltools.gnu-tools-for-stm32.12.3.rel1.win32_1.0.200.202406191623/tools/bin/../lib/gcc/arm-none-eabi/12.3.1/thumb/v7e-m+dp/hard/crtn.o
                0x24050000                        _estack = (ORIGIN (RAM_D1) + LENGTH (RAM_D1))
                0x00000200                        _Min_Heap_Size = 0x200
                0x00000400                        _Min_Stack_Size = 0x400

.isr_vector     0x08000000      0x2cc
                0x08000000                        . = ALIGN (0x4)
 *(.isr_vector)
 .isr_vector    0x08000000      0x2cc ./Core/Startup/startup_stm32h723vgtx.o
                0x08000000                g_pfnVectors
                0x080002cc                        . = ALIGN (0x4)

.text           0x080002cc     0xad4c
                0x080002cc                        . = ALIGN (0x4)
 *(.text)
 .text          0x080002cc       0x40 E:/Programme/STM32CubeIDE_1.15.1/STM32CubeIDE/plugins/com.st.stm32cube.ide.mcu.externaltools.gnu-tools-for-stm32.12.3.rel1.win32_1.0.200.202406191623/tools/bin/../lib/gcc/arm-none-eabi/12.3.1/thumb/v7e-m+dp/hard/crtbegin.o
 .text          0x0800030c       0x30 E:/Programme/STM32CubeIDE_1.15.1/STM32CubeIDE/plugins/com.st.stm32cube.ide.mcu.externaltools.gnu-tools-for-stm32.12.3.rel1.win32_1.0.200.202406191623/tools/bin/../lib/gcc/arm-none-eabi/12.3.1/thumb/v7e-m+dp/hard\libgcc.a(_aeabi_uldivmod.o)
                0x0800030c                __aeabi_uldivmod
 .text          0x0800033c      0x2bc E:/Programme/STM32CubeIDE_1.15.1/STM32CubeIDE/plugins/com.st.stm32cube.ide.mcu.externaltools.gnu-tools-for-stm32.12.3.rel1.win32_1.0.200.202406191623/tools/bin/../lib/gcc/arm-none-eabi/12.3.1/thumb/v7e-m+dp/hard\libgcc.a(_udivmoddi4.o)
                0x0800033c                __udivmoddi4
 .text          0x080005f8        0x4 E:/Programme/STM32CubeIDE_1.15.1/STM32CubeIDE/plugins/com.st.stm32cube.ide.mcu.externaltools.gnu-tools-for-stm32.12.3.rel1.win32_1.0.200.202406191623/tools/bin/../lib/gcc/arm-none-eabi/12.3.1/thumb/v7e-m+dp/hard\libgcc.a(_dvmd_tls.o)
                0x080005f8                __aeabi_idiv0
                0x080005f8                __aeabi_ldiv0
 *(.text*)
 .text._ZN7TMC2209C2Ev
                0x080005fc       0x26 ./Core/Src/TMC2209.o
                0x080005fc                TMC2209::TMC2209()
                0x080005fc                TMC2209::TMC2209()
 *fill*         0x08000622        0x2 
 .text.main     0x08000624      0x180 ./Core/Src/main.o
                0x08000624                main
 .text._Z18SystemClock_Configv
                0x080007a4       0xfc ./Core/Src/main.o
                0x080007a4                SystemClock_Config()
 .text._ZL11MX_CRC_Initv
                0x080008a0       0x88 ./Core/Src/main.o
 .text._ZL12MX_TIM2_Initv
                0x08000928      0x11c ./Core/Src/main.o
 .text._ZL13MX_UART8_Initv
                0x08000a44       0xc0 ./Core/Src/main.o
 .text._ZL19MX_USART2_UART_Initv
                0x08000b04       0xc0 ./Core/Src/main.o
 .text._ZL11MX_DMA_Initv
                0x08000bc4       0x70 ./Core/Src/main.o
 .text._ZL12MX_GPIO_Initv
                0x08000c34      0x174 ./Core/Src/main.o
 .text.HAL_GPIO_EXTI_Callback
                0x08000da8       0x28 ./Core/Src/main.o
                0x08000da8                HAL_GPIO_EXTI_Callback
 .text.HAL_TIM_PeriodElapsedCallback
                0x08000dd0       0xd8 ./Core/Src/main.o
                0x08000dd0                HAL_TIM_PeriodElapsedCallback
 .text.HAL_UART_TxCpltCallback
                0x08000ea8       0x14 ./Core/Src/main.o
                0x08000ea8                HAL_UART_TxCpltCallback
 .text.HAL_UARTEx_RxEventCallback
                0x08000ebc       0x28 ./Core/Src/main.o
                0x08000ebc                HAL_UARTEx_RxEventCallback
 .text._ZL10MPU_Configv
                0x08000ee4       0x58 ./Core/Src/main.o
 .text.Error_Handler
                0x08000f3c       0x20 ./Core/Src/main.o
                0x08000f3c                Error_Handler
 .text.HAL_MspInit
                0x08000f5c       0x34 ./Core/Src/stm32h7xx_hal_msp.o
                0x08000f5c                HAL_MspInit
 .text.HAL_CRC_MspInit
                0x08000f90       0x44 ./Core/Src/stm32h7xx_hal_msp.o
                0x08000f90                HAL_CRC_MspInit
 .text.HAL_TIM_Base_MspInit
                0x08000fd4       0x4c ./Core/Src/stm32h7xx_hal_msp.o
                0x08000fd4                HAL_TIM_Base_MspInit
 .text.HAL_UART_MspInit
                0x08001020      0x320 ./Core/Src/stm32h7xx_hal_msp.o
                0x08001020                HAL_UART_MspInit
 .text.NMI_Handler
                0x08001340        0x8 ./Core/Src/stm32h7xx_it.o
                0x08001340                NMI_Handler
 .text.HardFault_Handler
                0x08001348        0x8 ./Core/Src/stm32h7xx_it.o
                0x08001348                HardFault_Handler
 .text.MemManage_Handler
                0x08001350        0x8 ./Core/Src/stm32h7xx_it.o
                0x08001350                MemManage_Handler
 .text.BusFault_Handler
                0x08001358        0x8 ./Core/Src/stm32h7xx_it.o
                0x08001358                BusFault_Handler
 .text.UsageFault_Handler
                0x08001360        0x8 ./Core/Src/stm32h7xx_it.o
                0x08001360                UsageFault_Handler
 .text.SVC_Handler
                0x08001368        0xe ./Core/Src/stm32h7xx_it.o
                0x08001368                SVC_Handler
 .text.DebugMon_Handler
                0x08001376        0xe ./Core/Src/stm32h7xx_it.o
                0x08001376                DebugMon_Handler
 .text.PendSV_Handler
                0x08001384        0xe ./Core/Src/stm32h7xx_it.o
                0x08001384                PendSV_Handler
 .text.SysTick_Handler
                0x08001392        0xc ./Core/Src/stm32h7xx_it.o
                0x08001392                SysTick_Handler
 *fill*         0x0800139e        0x2 
 .text.DMA1_Stream0_IRQHandler
                0x080013a0       0x14 ./Core/Src/stm32h7xx_it.o
                0x080013a0                DMA1_Stream0_IRQHandler
 .text.DMA1_Stream1_IRQHandler
                0x080013b4       0x14 ./Core/Src/stm32h7xx_it.o
                0x080013b4                DMA1_Stream1_IRQHandler
 .text.DMA1_Stream2_IRQHandler
                0x080013c8       0x14 ./Core/Src/stm32h7xx_it.o
                0x080013c8                DMA1_Stream2_IRQHandler
 .text.DMA1_Stream3_IRQHandler
                0x080013dc       0x14 ./Core/Src/stm32h7xx_it.o
                0x080013dc                DMA1_Stream3_IRQHandler
 .text.TIM2_IRQHandler
                0x080013f0       0x14 ./Core/Src/stm32h7xx_it.o
                0x080013f0                TIM2_IRQHandler
 .text.USART2_IRQHandler
                0x08001404       0x14 ./Core/Src/stm32h7xx_it.o
                0x08001404                USART2_IRQHandler
 .text.EXTI15_10_IRQHandler
                0x08001418       0x10 ./Core/Src/stm32h7xx_it.o
                0x08001418                EXTI15_10_IRQHandler
 .text.UART8_IRQHandler
                0x08001428       0x14 ./Core/Src/stm32h7xx_it.o
                0x08001428                UART8_IRQHandler
 .text.SystemInit
                0x0800143c       0xf0 ./Core/Src/system_stm32h7xx.o
                0x0800143c                SystemInit
 .text.Reset_Handler
                0x0800152c       0x50 ./Core/Startup/startup_stm32h723vgtx.o
                0x0800152c                Reset_Handler
 .text.Default_Handler
                0x0800157c        0x2 ./Core/Startup/startup_stm32h723vgtx.o
                0x0800157c                RTC_Alarm_IRQHandler
                0x0800157c                EXTI2_IRQHandler
                0x0800157c                TIM8_CC_IRQHandler
                0x0800157c                SPI4_IRQHandler
                0x0800157c                FDCAN3_IT0_IRQHandler
                0x0800157c                TIM1_CC_IRQHandler
                0x0800157c                BDMA_Channel6_IRQHandler
                0x0800157c                DMA2_Stream5_IRQHandler
                0x0800157c                DMA1_Stream5_IRQHandler
                0x0800157c                CORDIC_IRQHandler
                0x0800157c                BDMA_Channel1_IRQHandler
                0x0800157c                TAMP_STAMP_IRQHandler
                0x0800157c                EXTI3_IRQHandler
                0x0800157c                LPTIM4_IRQHandler
                0x0800157c                TIM8_TRG_COM_TIM14_IRQHandler
                0x0800157c                LPTIM2_IRQHandler
                0x0800157c                DFSDM1_FLT1_IRQHandler
                0x0800157c                DMAMUX2_OVR_IRQHandler
                0x0800157c                TIM8_UP_TIM13_IRQHandler
                0x0800157c                I2C3_ER_IRQHandler
                0x0800157c                DFSDM1_FLT2_IRQHandler
                0x0800157c                I2C5_EV_IRQHandler
                0x0800157c                USART10_IRQHandler
                0x0800157c                MDMA_IRQHandler
                0x0800157c                LPTIM3_IRQHandler
                0x0800157c                HSEM1_IRQHandler
                0x0800157c                EXTI0_IRQHandler
                0x0800157c                I2C2_EV_IRQHandler
                0x0800157c                FPU_IRQHandler
                0x0800157c                OTG_HS_WKUP_IRQHandler
                0x0800157c                FDCAN1_IT1_IRQHandler
                0x0800157c                LTDC_ER_IRQHandler
                0x0800157c                DMA2_Stream2_IRQHandler
                0x0800157c                SPI1_IRQHandler
                0x0800157c                OCTOSPI1_IRQHandler
                0x0800157c                TIM6_DAC_IRQHandler
                0x0800157c                DMA2_Stream3_IRQHandler
                0x0800157c                OCTOSPI2_IRQHandler
                0x0800157c                DFSDM1_FLT3_IRQHandler
                0x0800157c                TIM23_IRQHandler
                0x0800157c                USART6_IRQHandler
                0x0800157c                TIM17_IRQHandler
                0x0800157c                USART3_IRQHandler
                0x0800157c                BDMA_Channel7_IRQHandler
                0x0800157c                LPTIM5_IRQHandler
                0x0800157c                UART5_IRQHandler
                0x0800157c                ADC3_IRQHandler
                0x0800157c                DMA2_Stream0_IRQHandler
                0x0800157c                TIM4_IRQHandler
                0x0800157c                BDMA_Channel2_IRQHandler
                0x0800157c                I2C1_EV_IRQHandler
                0x0800157c                DMA1_Stream6_IRQHandler
                0x0800157c                DMAMUX1_OVR_IRQHandler
                0x0800157c                TIM16_IRQHandler
                0x0800157c                UART4_IRQHandler
                0x0800157c                BDMA_Channel5_IRQHandler
                0x0800157c                TIM3_IRQHandler
                0x0800157c                RCC_IRQHandler
                0x0800157c                UART9_IRQHandler
                0x0800157c                TIM8_BRK_TIM12_IRQHandler
                0x0800157c                TIM1_TRG_COM_IRQHandler
                0x0800157c                Default_Handler
                0x0800157c                ECC_IRQHandler
                0x0800157c                FMAC_IRQHandler
                0x0800157c                CEC_IRQHandler
                0x0800157c                BDMA_Channel0_IRQHandler
                0x0800157c                ADC_IRQHandler
                0x0800157c                I2C5_ER_IRQHandler
                0x0800157c                DMA1_Stream7_IRQHandler
                0x0800157c                SPI5_IRQHandler
                0x0800157c                TIM7_IRQHandler
                0x0800157c                FDCAN3_IT1_IRQHandler
                0x0800157c                SDMMC1_IRQHandler
                0x0800157c                TIM5_IRQHandler
                0x0800157c                DMA2_Stream7_IRQHandler
                0x0800157c                TIM15_IRQHandler
                0x0800157c                PVD_AVD_IRQHandler
                0x0800157c                I2C3_EV_IRQHandler
                0x0800157c                EXTI9_5_IRQHandler
                0x0800157c                RTC_WKUP_IRQHandler
                0x0800157c                LTDC_IRQHandler
                0x0800157c                ETH_WKUP_IRQHandler
                0x0800157c                SPDIF_RX_IRQHandler
                0x0800157c                SPI2_IRQHandler
                0x0800157c                OTG_HS_EP1_IN_IRQHandler
                0x0800157c                TIM24_IRQHandler
                0x0800157c                CRS_IRQHandler
                0x0800157c                EXTI4_IRQHandler
                0x0800157c                RNG_IRQHandler
                0x0800157c                FDCAN2_IT1_IRQHandler
                0x0800157c                ETH_IRQHandler
                0x0800157c                TIM1_UP_IRQHandler
                0x0800157c                BDMA_Channel4_IRQHandler
                0x0800157c                OTG_HS_EP1_OUT_IRQHandler
                0x0800157c                WWDG_IRQHandler
                0x0800157c                SPI6_IRQHandler
                0x0800157c                MDIOS_IRQHandler
                0x0800157c                I2C4_EV_IRQHandler
                0x0800157c                FDCAN2_IT0_IRQHandler
                0x0800157c                LPUART1_IRQHandler
                0x0800157c                FDCAN1_IT0_IRQHandler
                0x0800157c                OTG_HS_IRQHandler
                0x0800157c                DMA2D_IRQHandler
                0x0800157c                TIM1_BRK_IRQHandler
                0x0800157c                EXTI1_IRQHandler
                0x0800157c                SDMMC2_IRQHandler
                0x0800157c                BDMA_Channel3_IRQHandler
                0x0800157c                DTS_IRQHandler
                0x0800157c                UART7_IRQHandler
                0x0800157c                MDIOS_WKUP_IRQHandler
                0x0800157c                DFSDM1_FLT0_IRQHandler
                0x0800157c                SAI4_IRQHandler
                0x0800157c                I2C2_ER_IRQHandler
                0x0800157c                DMA2_Stream1_IRQHandler
                0x0800157c                FLASH_IRQHandler
                0x0800157c                DMA2_Stream4_IRQHandler
                0x0800157c                USART1_IRQHandler
                0x0800157c                SPI3_IRQHandler
                0x0800157c                WAKEUP_PIN_IRQHandler
                0x0800157c                DMA1_Stream4_IRQHandler
                0x0800157c                I2C1_ER_IRQHandler
                0x0800157c                FMC_IRQHandler
                0x0800157c                FDCAN_CAL_IRQHandler
                0x0800157c                SWPMI1_IRQHandler
                0x0800157c                COMP1_IRQHandler
                0x0800157c                LPTIM1_IRQHandler
                0x0800157c                DCMI_PSSI_IRQHandler
                0x0800157c                I2C4_ER_IRQHandler
                0x0800157c                DMA2_Stream6_IRQHandler
                0x0800157c                SAI1_IRQHandler
 *fill*         0x0800157e        0x2 
 .text.HAL_Init
                0x08001580       0x78 ./Drivers/STM32H7xx_HAL_Driver/Src/stm32h7xx_hal.o
                0x08001580                HAL_Init
 .text.HAL_InitTick
                0x080015f8       0x6c ./Drivers/STM32H7xx_HAL_Driver/Src/stm32h7xx_hal.o
                0x080015f8                HAL_InitTick
 .text.HAL_IncTick
                0x08001664       0x28 ./Drivers/STM32H7xx_HAL_Driver/Src/stm32h7xx_hal.o
                0x08001664                HAL_IncTick
 .text.HAL_GetTick
                0x0800168c       0x18 ./Drivers/STM32H7xx_HAL_Driver/Src/stm32h7xx_hal.o
                0x0800168c                HAL_GetTick
 .text.HAL_Delay
                0x080016a4       0x48 ./Drivers/STM32H7xx_HAL_Driver/Src/stm32h7xx_hal.o
                0x080016a4                HAL_Delay
 .text.__NVIC_SetPriorityGrouping
                0x080016ec       0x48 ./Drivers/STM32H7xx_HAL_Driver/Src/stm32h7xx_hal_cortex.o
 .text.__NVIC_GetPriorityGrouping
                0x08001734       0x1c ./Drivers/STM32H7xx_HAL_Driver/Src/stm32h7xx_hal_cortex.o
 .text.__NVIC_EnableIRQ
                0x08001750       0x3c ./Drivers/STM32H7xx_HAL_Driver/Src/stm32h7xx_hal_cortex.o
 .text.__NVIC_SetPriority
                0x0800178c       0x54 ./Drivers/STM32H7xx_HAL_Driver/Src/stm32h7xx_hal_cortex.o
 .text.NVIC_EncodePriority
                0x080017e0       0x66 ./Drivers/STM32H7xx_HAL_Driver/Src/stm32h7xx_hal_cortex.o
 *fill*         0x08001846        0x2 
 .text.SysTick_Config
                0x08001848       0x44 ./Drivers/STM32H7xx_HAL_Driver/Src/stm32h7xx_hal_cortex.o
 .text.HAL_NVIC_SetPriorityGrouping
                0x0800188c       0x16 ./Drivers/STM32H7xx_HAL_Driver/Src/stm32h7xx_hal_cortex.o
                0x0800188c                HAL_NVIC_SetPriorityGrouping
 .text.HAL_NVIC_SetPriority
                0x080018a2       0x34 ./Drivers/STM32H7xx_HAL_Driver/Src/stm32h7xx_hal_cortex.o
                0x080018a2                HAL_NVIC_SetPriority
 .text.HAL_NVIC_EnableIRQ
                0x080018d6       0x1c ./Drivers/STM32H7xx_HAL_Driver/Src/stm32h7xx_hal_cortex.o
                0x080018d6                HAL_NVIC_EnableIRQ
 .text.HAL_SYSTICK_Config
                0x080018f2       0x18 ./Drivers/STM32H7xx_HAL_Driver/Src/stm32h7xx_hal_cortex.o
                0x080018f2                HAL_SYSTICK_Config
 *fill*         0x0800190a        0x2 
 .text.HAL_MPU_Disable
                0x0800190c       0x30 ./Drivers/STM32H7xx_HAL_Driver/Src/stm32h7xx_hal_cortex.o
                0x0800190c                HAL_MPU_Disable
 .text.HAL_MPU_Enable
                0x0800193c       0x40 ./Drivers/STM32H7xx_HAL_Driver/Src/stm32h7xx_hal_cortex.o
                0x0800193c                HAL_MPU_Enable
 .text.HAL_MPU_ConfigRegion
                0x0800197c       0x80 ./Drivers/STM32H7xx_HAL_Driver/Src/stm32h7xx_hal_cortex.o
                0x0800197c                HAL_MPU_ConfigRegion
 .text.HAL_CRC_Init
                0x080019fc       0xc8 ./Drivers/STM32H7xx_HAL_Driver/Src/stm32h7xx_hal_crc.o
                0x080019fc                HAL_CRC_Init
 .text.HAL_CRC_Calculate
                0x08001ac4       0x98 ./Drivers/STM32H7xx_HAL_Driver/Src/stm32h7xx_hal_crc.o
                0x08001ac4                HAL_CRC_Calculate
 .text.CRC_Handle_8
                0x08001b5c      0x11c ./Drivers/STM32H7xx_HAL_Driver/Src/stm32h7xx_hal_crc.o
 .text.CRC_Handle_16
                0x08001c78       0x74 ./Drivers/STM32H7xx_HAL_Driver/Src/stm32h7xx_hal_crc.o
 .text.HAL_CRCEx_Polynomial_Set
                0x08001cec      0x11c ./Drivers/STM32H7xx_HAL_Driver/Src/stm32h7xx_hal_crc_ex.o
                0x08001cec                HAL_CRCEx_Polynomial_Set
 .text.HAL_DMA_Init
                0x08001e08      0x6b0 ./Drivers/STM32H7xx_HAL_Driver/Src/stm32h7xx_hal_dma.o
                0x08001e08                HAL_DMA_Init
 .text.HAL_DMA_Start_IT
                0x080024b8      0x4d4 ./Drivers/STM32H7xx_HAL_Driver/Src/stm32h7xx_hal_dma.o
                0x080024b8                HAL_DMA_Start_IT
 .text.HAL_DMA_Abort
                0x0800298c      0x63c ./Drivers/STM32H7xx_HAL_Driver/Src/stm32h7xx_hal_dma.o
                0x0800298c                HAL_DMA_Abort
 .text.HAL_DMA_Abort_IT
                0x08002fc8      0x48c ./Drivers/STM32H7xx_HAL_Driver/Src/stm32h7xx_hal_dma.o
                0x08002fc8                HAL_DMA_Abort_IT
 .text.HAL_DMA_IRQHandler
                0x08003454      0xe54 ./Drivers/STM32H7xx_HAL_Driver/Src/stm32h7xx_hal_dma.o
                0x08003454                HAL_DMA_IRQHandler
 .text.DMA_SetConfig
                0x080042a8      0x358 ./Drivers/STM32H7xx_HAL_Driver/Src/stm32h7xx_hal_dma.o
 .text.DMA_CalcBaseAndBitshift
                0x08004600      0x164 ./Drivers/STM32H7xx_HAL_Driver/Src/stm32h7xx_hal_dma.o
 .text.DMA_CheckFifoParam
                0x08004764       0xf8 ./Drivers/STM32H7xx_HAL_Driver/Src/stm32h7xx_hal_dma.o
 .text.DMA_CalcDMAMUXChannelBaseAndMask
                0x0800485c      0x134 ./Drivers/STM32H7xx_HAL_Driver/Src/stm32h7xx_hal_dma.o
 .text.DMA_CalcDMAMUXRequestGenBaseAndMask
                0x08004990       0xe8 ./Drivers/STM32H7xx_HAL_Driver/Src/stm32h7xx_hal_dma.o
 .text.HAL_GPIO_Init
                0x08004a78      0x350 ./Drivers/STM32H7xx_HAL_Driver/Src/stm32h7xx_hal_gpio.o
                0x08004a78                HAL_GPIO_Init
 .text.HAL_GPIO_WritePin
                0x08004dc8       0x32 ./Drivers/STM32H7xx_HAL_Driver/Src/stm32h7xx_hal_gpio.o
                0x08004dc8                HAL_GPIO_WritePin
 .text.HAL_GPIO_TogglePin
                0x08004dfa       0x34 ./Drivers/STM32H7xx_HAL_Driver/Src/stm32h7xx_hal_gpio.o
                0x08004dfa                HAL_GPIO_TogglePin
 .text.HAL_GPIO_EXTI_IRQHandler
                0x08004e2e       0x34 ./Drivers/STM32H7xx_HAL_Driver/Src/stm32h7xx_hal_gpio.o
                0x08004e2e                HAL_GPIO_EXTI_IRQHandler
 *fill*         0x08004e62        0x2 
 .text.HAL_PWREx_ConfigSupply
                0x08004e64       0x74 ./Drivers/STM32H7xx_HAL_Driver/Src/stm32h7xx_hal_pwr_ex.o
                0x08004e64                HAL_PWREx_ConfigSupply
 .text.HAL_RCC_OscConfig
                0x08004ed8      0x7b4 ./Drivers/STM32H7xx_HAL_Driver/Src/stm32h7xx_hal_rcc.o
                0x08004ed8                HAL_RCC_OscConfig
 .text.HAL_RCC_ClockConfig
                0x0800568c      0x36c ./Drivers/STM32H7xx_HAL_Driver/Src/stm32h7xx_hal_rcc.o
                0x0800568c                HAL_RCC_ClockConfig
 .text.HAL_RCC_GetSysClockFreq
                0x080059f8      0x2f4 ./Drivers/STM32H7xx_HAL_Driver/Src/stm32h7xx_hal_rcc.o
                0x080059f8                HAL_RCC_GetSysClockFreq
 .text.HAL_RCC_GetHCLKFreq
                0x08005cec       0x60 ./Drivers/STM32H7xx_HAL_Driver/Src/stm32h7xx_hal_rcc.o
                0x08005cec                HAL_RCC_GetHCLKFreq
 .text.HAL_RCC_GetPCLK1Freq
                0x08005d4c       0x2c ./Drivers/STM32H7xx_HAL_Driver/Src/stm32h7xx_hal_rcc.o
                0x08005d4c                HAL_RCC_GetPCLK1Freq
 .text.HAL_RCC_GetPCLK2Freq
                0x08005d78       0x2c ./Drivers/STM32H7xx_HAL_Driver/Src/stm32h7xx_hal_rcc.o
                0x08005d78                HAL_RCC_GetPCLK2Freq
 .text.HAL_RCCEx_PeriphCLKConfig
                0x08005da4     0x1340 ./Drivers/STM32H7xx_HAL_Driver/Src/stm32h7xx_hal_rcc_ex.o
                0x08005da4                HAL_RCCEx_PeriphCLKConfig
 .text.HAL_RCCEx_GetD3PCLK1Freq
                0x080070e4       0x2c ./Drivers/STM32H7xx_HAL_Driver/Src/stm32h7xx_hal_rcc_ex.o
                0x080070e4                HAL_RCCEx_GetD3PCLK1Freq
 .text.HAL_RCCEx_GetPLL2ClockFreq
                0x08007110      0x2a8 ./Drivers/STM32H7xx_HAL_Driver/Src/stm32h7xx_hal_rcc_ex.o
                0x08007110                HAL_RCCEx_GetPLL2ClockFreq
 .text.HAL_RCCEx_GetPLL3ClockFreq
                0x080073b8      0x2a8 ./Drivers/STM32H7xx_HAL_Driver/Src/stm32h7xx_hal_rcc_ex.o
                0x080073b8                HAL_RCCEx_GetPLL3ClockFreq
 .text.RCCEx_PLL2_Config
                0x08007660      0x164 ./Drivers/STM32H7xx_HAL_Driver/Src/stm32h7xx_hal_rcc_ex.o
 .text.RCCEx_PLL3_Config
                0x080077c4      0x164 ./Drivers/STM32H7xx_HAL_Driver/Src/stm32h7xx_hal_rcc_ex.o
 .text.HAL_TIM_Base_Init
                0x08007928       0xae ./Drivers/STM32H7xx_HAL_Driver/Src/stm32h7xx_hal_tim.o
                0x08007928                HAL_TIM_Base_Init
 *fill*         0x080079d6        0x2 
 .text.HAL_TIM_Base_Start_IT
                0x080079d8      0x10c ./Drivers/STM32H7xx_HAL_Driver/Src/stm32h7xx_hal_tim.o
                0x080079d8                HAL_TIM_Base_Start_IT
 .text.HAL_TIM_PWM_Init
                0x08007ae4       0xae ./Drivers/STM32H7xx_HAL_Driver/Src/stm32h7xx_hal_tim.o
                0x08007ae4                HAL_TIM_PWM_Init
 .text.HAL_TIM_PWM_MspInit
                0x08007b92       0x14 ./Drivers/STM32H7xx_HAL_Driver/Src/stm32h7xx_hal_tim.o
                0x08007b92                HAL_TIM_PWM_MspInit
 .text.HAL_TIM_IRQHandler
                0x08007ba6      0x20e ./Drivers/STM32H7xx_HAL_Driver/Src/stm32h7xx_hal_tim.o
                0x08007ba6                HAL_TIM_IRQHandler
 .text.HAL_TIM_PWM_ConfigChannel
                0x08007db4      0x228 ./Drivers/STM32H7xx_HAL_Driver/Src/stm32h7xx_hal_tim.o
                0x08007db4                HAL_TIM_PWM_ConfigChannel
 .text.HAL_TIM_ConfigClockSource
                0x08007fdc      0x1f0 ./Drivers/STM32H7xx_HAL_Driver/Src/stm32h7xx_hal_tim.o
                0x08007fdc                HAL_TIM_ConfigClockSource
 .text.HAL_TIM_OC_DelayElapsedCallback
                0x080081cc       0x14 ./Drivers/STM32H7xx_HAL_Driver/Src/stm32h7xx_hal_tim.o
                0x080081cc                HAL_TIM_OC_DelayElapsedCallback
 .text.HAL_TIM_IC_CaptureCallback
                0x080081e0       0x14 ./Drivers/STM32H7xx_HAL_Driver/Src/stm32h7xx_hal_tim.o
                0x080081e0                HAL_TIM_IC_CaptureCallback
 .text.HAL_TIM_PWM_PulseFinishedCallback
                0x080081f4       0x14 ./Drivers/STM32H7xx_HAL_Driver/Src/stm32h7xx_hal_tim.o
                0x080081f4                HAL_TIM_PWM_PulseFinishedCallback
 .text.HAL_TIM_TriggerCallback
                0x08008208       0x14 ./Drivers/STM32H7xx_HAL_Driver/Src/stm32h7xx_hal_tim.o
                0x08008208                HAL_TIM_TriggerCallback
 .text.TIM_Base_SetConfig
                0x0800821c      0x164 ./Drivers/STM32H7xx_HAL_Driver/Src/stm32h7xx_hal_tim.o
                0x0800821c                TIM_Base_SetConfig
 .text.TIM_OC1_SetConfig
                0x08008380      0x120 ./Drivers/STM32H7xx_HAL_Driver/Src/stm32h7xx_hal_tim.o
 .text.TIM_OC2_SetConfig
                0x080084a0      0x114 ./Drivers/STM32H7xx_HAL_Driver/Src/stm32h7xx_hal_tim.o
                0x080084a0                TIM_OC2_SetConfig
 .text.TIM_OC3_SetConfig
                0x080085b4      0x110 ./Drivers/STM32H7xx_HAL_Driver/Src/stm32h7xx_hal_tim.o
 .text.TIM_OC4_SetConfig
                0x080086c4       0xd4 ./Drivers/STM32H7xx_HAL_Driver/Src/stm32h7xx_hal_tim.o
 .text.TIM_OC5_SetConfig
                0x08008798       0xc8 ./Drivers/STM32H7xx_HAL_Driver/Src/stm32h7xx_hal_tim.o
 .text.TIM_OC6_SetConfig
                0x08008860       0xcc ./Drivers/STM32H7xx_HAL_Driver/Src/stm32h7xx_hal_tim.o
 .text.TIM_TI1_ConfigInputStage
                0x0800892c       0x5e ./Drivers/STM32H7xx_HAL_Driver/Src/stm32h7xx_hal_tim.o
 .text.TIM_TI2_ConfigInputStage
                0x0800898a       0x60 ./Drivers/STM32H7xx_HAL_Driver/Src/stm32h7xx_hal_tim.o
 *fill*         0x080089ea        0x2 
 .text.TIM_ITRx_SetConfig
                0x080089ec       0x3c ./Drivers/STM32H7xx_HAL_Driver/Src/stm32h7xx_hal_tim.o
 .text.TIM_ETR_SetConfig
                0x08008a28       0x40 ./Drivers/STM32H7xx_HAL_Driver/Src/stm32h7xx_hal_tim.o
                0x08008a28                TIM_ETR_SetConfig
 .text.HAL_TIMEx_MasterConfigSynchronization
                0x08008a68      0x138 ./Drivers/STM32H7xx_HAL_Driver/Src/stm32h7xx_hal_tim_ex.o
                0x08008a68                HAL_TIMEx_MasterConfigSynchronization
 .text.HAL_TIMEx_CommutCallback
                0x08008ba0       0x14 ./Drivers/STM32H7xx_HAL_Driver/Src/stm32h7xx_hal_tim_ex.o
                0x08008ba0                HAL_TIMEx_CommutCallback
 .text.HAL_TIMEx_BreakCallback
                0x08008bb4       0x14 ./Drivers/STM32H7xx_HAL_Driver/Src/stm32h7xx_hal_tim_ex.o
                0x08008bb4                HAL_TIMEx_BreakCallback
 .text.HAL_TIMEx_Break2Callback
                0x08008bc8       0x14 ./Drivers/STM32H7xx_HAL_Driver/Src/stm32h7xx_hal_tim_ex.o
                0x08008bc8                HAL_TIMEx_Break2Callback
 .text.HAL_HalfDuplex_Init
                0x08008bdc       0xb0 ./Drivers/STM32H7xx_HAL_Driver/Src/stm32h7xx_hal_uart.o
                0x08008bdc                HAL_HalfDuplex_Init
 .text.HAL_UART_Transmit_DMA
                0x08008c8c      0x100 ./Drivers/STM32H7xx_HAL_Driver/Src/stm32h7xx_hal_uart.o
                0x08008c8c                HAL_UART_Transmit_DMA
 .text.HAL_UART_IRQHandler
                0x08008d8c      0x774 ./Drivers/STM32H7xx_HAL_Driver/Src/stm32h7xx_hal_uart.o
                0x08008d8c                HAL_UART_IRQHandler
 .text.HAL_UART_TxHalfCpltCallback
                0x08009500       0x14 ./Drivers/STM32H7xx_HAL_Driver/Src/stm32h7xx_hal_uart.o
                0x08009500                HAL_UART_TxHalfCpltCallback
 .text.HAL_UART_RxCpltCallback
                0x08009514       0x14 ./Drivers/STM32H7xx_HAL_Driver/Src/stm32h7xx_hal_uart.o
                0x08009514                HAL_UART_RxCpltCallback
 .text.HAL_UART_RxHalfCpltCallback
                0x08009528       0x14 ./Drivers/STM32H7xx_HAL_Driver/Src/stm32h7xx_hal_uart.o
                0x08009528                HAL_UART_RxHalfCpltCallback
 .text.HAL_UART_ErrorCallback
                0x0800953c       0x14 ./Drivers/STM32H7xx_HAL_Driver/Src/stm32h7xx_hal_uart.o
                0x0800953c                HAL_UART_ErrorCallback
 .text.HAL_HalfDuplex_EnableTransmitter
                0x08009550       0xa8 ./Drivers/STM32H7xx_HAL_Driver/Src/stm32h7xx_hal_uart.o
                0x08009550                HAL_HalfDuplex_EnableTransmitter
 .text.HAL_HalfDuplex_EnableReceiver
                0x080095f8       0xa8 ./Drivers/STM32H7xx_HAL_Driver/Src/stm32h7xx_hal_uart.o
                0x080095f8                HAL_HalfDuplex_EnableReceiver
 .text.UART_SetConfig
                0x080096a0      0xcd8 ./Drivers/STM32H7xx_HAL_Driver/Src/stm32h7xx_hal_uart.o
                0x080096a0                UART_SetConfig
 .text.UART_AdvFeatureConfig
                0x0800a378      0x144 ./Drivers/STM32H7xx_HAL_Driver/Src/stm32h7xx_hal_uart.o
                0x0800a378                UART_AdvFeatureConfig
 .text.UART_CheckIdleState
                0x0800a4bc      0x154 ./Drivers/STM32H7xx_HAL_Driver/Src/stm32h7xx_hal_uart.o
                0x0800a4bc                UART_CheckIdleState
 .text.UART_WaitOnFlagUntilTimeout
                0x0800a610       0xda ./Drivers/STM32H7xx_HAL_Driver/Src/stm32h7xx_hal_uart.o
                0x0800a610                UART_WaitOnFlagUntilTimeout
 *fill*         0x0800a6ea        0x2 
 .text.UART_Start_Receive_DMA
                0x0800a6ec      0x14c ./Drivers/STM32H7xx_HAL_Driver/Src/stm32h7xx_hal_uart.o
                0x0800a6ec                UART_Start_Receive_DMA
 .text.UART_EndTxTransfer
                0x0800a838       0x82 ./Drivers/STM32H7xx_HAL_Driver/Src/stm32h7xx_hal_uart.o
 *fill*         0x0800a8ba        0x2 
 .text.UART_EndRxTransfer
                0x0800a8bc       0xcc ./Drivers/STM32H7xx_HAL_Driver/Src/stm32h7xx_hal_uart.o
 .text.UART_DMATransmitCplt
                0x0800a988       0x96 ./Drivers/STM32H7xx_HAL_Driver/Src/stm32h7xx_hal_uart.o
 .text.UART_DMATxHalfCplt
                0x0800aa1e       0x1c ./Drivers/STM32H7xx_HAL_Driver/Src/stm32h7xx_hal_uart.o
 .text.UART_DMAReceiveCplt
                0x0800aa3a      0x128 ./Drivers/STM32H7xx_HAL_Driver/Src/stm32h7xx_hal_uart.o
 .text.UART_DMARxHalfCplt
                0x0800ab62       0x3e ./Drivers/STM32H7xx_HAL_Driver/Src/stm32h7xx_hal_uart.o
 .text.UART_DMAError
                0x0800aba0       0x80 ./Drivers/STM32H7xx_HAL_Driver/Src/stm32h7xx_hal_uart.o
 .text.UART_DMAAbortOnError
                0x0800ac20       0x2c ./Drivers/STM32H7xx_HAL_Driver/Src/stm32h7xx_hal_uart.o
 .text.UART_EndTransmit_IT
                0x0800ac4c       0x56 ./Drivers/STM32H7xx_HAL_Driver/Src/stm32h7xx_hal_uart.o
 .text.HAL_UARTEx_WakeupCallback
                0x0800aca2       0x14 ./Drivers/STM32H7xx_HAL_Driver/Src/stm32h7xx_hal_uart_ex.o
                0x0800aca2                HAL_UARTEx_WakeupCallback
 .text.HAL_UARTEx_RxFifoFullCallback
                0x0800acb6       0x14 ./Drivers/STM32H7xx_HAL_Driver/Src/stm32h7xx_hal_uart_ex.o
                0x0800acb6                HAL_UARTEx_RxFifoFullCallback
 .text.HAL_UARTEx_TxFifoEmptyCallback
                0x0800acca       0x14 ./Drivers/STM32H7xx_HAL_Driver/Src/stm32h7xx_hal_uart_ex.o
                0x0800acca                HAL_UARTEx_TxFifoEmptyCallback
 .text.HAL_UARTEx_DisableFifoMode
                0x0800acde       0x72 ./Drivers/STM32H7xx_HAL_Driver/Src/stm32h7xx_hal_uart_ex.o
                0x0800acde                HAL_UARTEx_DisableFifoMode
 .text.HAL_UARTEx_SetTxFifoThreshold
                0x0800ad50       0x7c ./Drivers/STM32H7xx_HAL_Driver/Src/stm32h7xx_hal_uart_ex.o
                0x0800ad50                HAL_UARTEx_SetTxFifoThreshold
 .text.HAL_UARTEx_SetRxFifoThreshold
                0x0800adcc       0x7c ./Drivers/STM32H7xx_HAL_Driver/Src/stm32h7xx_hal_uart_ex.o
                0x0800adcc                HAL_UARTEx_SetRxFifoThreshold
 .text.HAL_UARTEx_ReceiveToIdle_DMA
                0x0800ae48       0xa8 ./Drivers/STM32H7xx_HAL_Driver/Src/stm32h7xx_hal_uart_ex.o
                0x0800ae48                HAL_UARTEx_ReceiveToIdle_DMA
 .text.UARTEx_SetNbDataToProcess
                0x0800aef0       0x9c ./Drivers/STM32H7xx_HAL_Driver/Src/stm32h7xx_hal_uart_ex.o
 .text.memset   0x0800af8c       0x10 E:/Programme/STM32CubeIDE_1.15.1/STM32CubeIDE/plugins/com.st.stm32cube.ide.mcu.externaltools.gnu-tools-for-stm32.12.3.rel1.win32_1.0.200.202406191623/tools/bin/../lib/gcc/arm-none-eabi/12.3.1/../../../../arm-none-eabi/lib/thumb/v7e-m+dp/hard\libc_nano.a(libc_a-memset.o)
                0x0800af8c                memset
 .text.__libc_init_array
                0x0800af9c       0x48 E:/Programme/STM32CubeIDE_1.15.1/STM32CubeIDE/plugins/com.st.stm32cube.ide.mcu.externaltools.gnu-tools-for-stm32.12.3.rel1.win32_1.0.200.202406191623/tools/bin/../lib/gcc/arm-none-eabi/12.3.1/../../../../arm-none-eabi/lib/thumb/v7e-m+dp/hard\libc_nano.a(libc_a-init.o)
                0x0800af9c                __libc_init_array
 .text.memcpy   0x0800afe4       0x1c E:/Programme/STM32CubeIDE_1.15.1/STM32CubeIDE/plugins/com.st.stm32cube.ide.mcu.externaltools.gnu-tools-for-stm32.12.3.rel1.win32_1.0.200.202406191623/tools/bin/../lib/gcc/arm-none-eabi/12.3.1/../../../../arm-none-eabi/lib/thumb/v7e-m+dp/hard\libc_nano.a(libc_a-memcpy-stub.o)
                0x0800afe4                memcpy
 *(.glue_7)
 .glue_7        0x0800b000        0x0 linker stubs
 *(.glue_7t)
 .glue_7t       0x0800b000        0x0 linker stubs
 *(.eh_frame)
 .eh_frame      0x0800b000        0x0 E:/Programme/STM32CubeIDE_1.15.1/STM32CubeIDE/plugins/com.st.stm32cube.ide.mcu.externaltools.gnu-tools-for-stm32.12.3.rel1.win32_1.0.200.202406191623/tools/bin/../lib/gcc/arm-none-eabi/12.3.1/thumb/v7e-m+dp/hard/crtbegin.o
 *(.init)
 .init          0x0800b000        0x4 E:/Programme/STM32CubeIDE_1.15.1/STM32CubeIDE/plugins/com.st.stm32cube.ide.mcu.externaltools.gnu-tools-for-stm32.12.3.rel1.win32_1.0.200.202406191623/tools/bin/../lib/gcc/arm-none-eabi/12.3.1/thumb/v7e-m+dp/hard/crti.o
                0x0800b000                _init
 .init          0x0800b004        0x8 E:/Programme/STM32CubeIDE_1.15.1/STM32CubeIDE/plugins/com.st.stm32cube.ide.mcu.externaltools.gnu-tools-for-stm32.12.3.rel1.win32_1.0.200.202406191623/tools/bin/../lib/gcc/arm-none-eabi/12.3.1/thumb/v7e-m+dp/hard/crtn.o
 *(.fini)
 .fini          0x0800b00c        0x4 E:/Programme/STM32CubeIDE_1.15.1/STM32CubeIDE/plugins/com.st.stm32cube.ide.mcu.externaltools.gnu-tools-for-stm32.12.3.rel1.win32_1.0.200.202406191623/tools/bin/../lib/gcc/arm-none-eabi/12.3.1/thumb/v7e-m+dp/hard/crti.o
                0x0800b00c                _fini
 .fini          0x0800b010        0x8 E:/Programme/STM32CubeIDE_1.15.1/STM32CubeIDE/plugins/com.st.stm32cube.ide.mcu.externaltools.gnu-tools-for-stm32.12.3.rel1.win32_1.0.200.202406191623/tools/bin/../lib/gcc/arm-none-eabi/12.3.1/thumb/v7e-m+dp/hard/crtn.o
                0x0800b018                        . = ALIGN (0x4)
                0x0800b018                        _etext = .

.vfp11_veneer   0x0800b018        0x0
 .vfp11_veneer  0x0800b018        0x0 linker stubs

.v4_bx          0x0800b018        0x0
 .v4_bx         0x0800b018        0x0 linker stubs

.iplt           0x0800b018        0x0
 .iplt          0x0800b018        0x0 E:/Programme/STM32CubeIDE_1.15.1/STM32CubeIDE/plugins/com.st.stm32cube.ide.mcu.externaltools.gnu-tools-for-stm32.12.3.rel1.win32_1.0.200.202406191623/tools/bin/../lib/gcc/arm-none-eabi/12.3.1/thumb/v7e-m+dp/hard/crtbegin.o

.rodata         0x0800b018       0x48
                0x0800b018                        . = ALIGN (0x4)
 *(.rodata)
 .rodata        0x0800b018        0x8 ./Core/Src/main.o
 *(.rodata*)
 .rodata.D1CorePrescTable
                0x0800b020       0x10 ./Core/Src/system_stm32h7xx.o
                0x0800b020                D1CorePrescTable
 .rodata.flagBitshiftOffset.0
                0x0800b030        0x8 ./Drivers/STM32H7xx_HAL_Driver/Src/stm32h7xx_hal_dma.o
 .rodata.UARTPrescTable
                0x0800b038       0x18 ./Drivers/STM32H7xx_HAL_Driver/Src/stm32h7xx_hal_uart.o
                0x0800b038                UARTPrescTable
 .rodata.numerator.1
                0x0800b050        0x8 ./Drivers/STM32H7xx_HAL_Driver/Src/stm32h7xx_hal_uart_ex.o
 .rodata.denominator.0
                0x0800b058        0x8 ./Drivers/STM32H7xx_HAL_Driver/Src/stm32h7xx_hal_uart_ex.o
                0x0800b060                        . = ALIGN (0x4)

.ARM.extab
 *(.ARM.extab* .gnu.linkonce.armextab.*)

.ARM            0x0800b060        0x8
                0x0800b060                        __exidx_start = .
 *(.ARM.exidx*)
 .ARM.exidx     0x0800b060        0x8 E:/Programme/STM32CubeIDE_1.15.1/STM32CubeIDE/plugins/com.st.stm32cube.ide.mcu.externaltools.gnu-tools-for-stm32.12.3.rel1.win32_1.0.200.202406191623/tools/bin/../lib/gcc/arm-none-eabi/12.3.1/thumb/v7e-m+dp/hard\libgcc.a(_udivmoddi4.o)
                0x0800b068                        __exidx_end = .

.preinit_array  0x0800b068        0x0
                0x0800b068                        PROVIDE (__preinit_array_start = .)
 *(.preinit_array*)
                0x0800b068                        PROVIDE (__preinit_array_end = .)

.init_array     0x0800b068        0x4
                0x0800b068                        PROVIDE (__init_array_start = .)
 *(SORT_BY_NAME(.init_array.*))
 *(.init_array*)
 .init_array    0x0800b068        0x4 E:/Programme/STM32CubeIDE_1.15.1/STM32CubeIDE/plugins/com.st.stm32cube.ide.mcu.externaltools.gnu-tools-for-stm32.12.3.rel1.win32_1.0.200.202406191623/tools/bin/../lib/gcc/arm-none-eabi/12.3.1/thumb/v7e-m+dp/hard/crtbegin.o
                0x0800b06c                        PROVIDE (__init_array_end = .)

.fini_array     0x0800b06c        0x4
                [!provide]                        PROVIDE (__fini_array_start = .)
 *(SORT_BY_NAME(.fini_array.*))
 *(.fini_array*)
 .fini_array    0x0800b06c        0x4 E:/Programme/STM32CubeIDE_1.15.1/STM32CubeIDE/plugins/com.st.stm32cube.ide.mcu.externaltools.gnu-tools-for-stm32.12.3.rel1.win32_1.0.200.202406191623/tools/bin/../lib/gcc/arm-none-eabi/12.3.1/thumb/v7e-m+dp/hard/crtbegin.o
                [!provide]                        PROVIDE (__fini_array_end = .)
                0x0800b070                        _sidata = LOADADDR (.data)

.rel.dyn        0x0800b070        0x0
 .rel.iplt      0x0800b070        0x0 E:/Programme/STM32CubeIDE_1.15.1/STM32CubeIDE/plugins/com.st.stm32cube.ide.mcu.externaltools.gnu-tools-for-stm32.12.3.rel1.win32_1.0.200.202406191623/tools/bin/../lib/gcc/arm-none-eabi/12.3.1/thumb/v7e-m+dp/hard/crtbegin.o

.data           0x24000000       0x14 load address 0x0800b070
                0x24000000                        . = ALIGN (0x4)
                0x24000000                        _sdata = .
 *(.data)
 *(.data*)
 .data.PWMPeriod
                0x24000000        0x2 ./Core/Src/main.o
                0x24000000                PWMPeriod
 .data.PWMPulseWidth
                0x24000002        0x2 ./Core/Src/main.o
                0x24000002                PWMPulseWidth
 .data.SystemCoreClock
                0x24000004        0x4 ./Core/Src/system_stm32h7xx.o
                0x24000004                SystemCoreClock
 .data.SystemD2Clock
                0x24000008        0x4 ./Core/Src/system_stm32h7xx.o
                0x24000008                SystemD2Clock
 .data.uwTickPrio
                0x2400000c        0x4 ./Drivers/STM32H7xx_HAL_Driver/Src/stm32h7xx_hal.o
                0x2400000c                uwTickPrio
 .data.uwTickFreq
                0x24000010        0x1 ./Drivers/STM32H7xx_HAL_Driver/Src/stm32h7xx_hal.o
                0x24000010                uwTickFreq
 *(.RamFunc)
 *(.RamFunc*)
                0x24000014                        . = ALIGN (0x4)
 *fill*         0x24000011        0x3 
                0x24000014                        _edata = .

.igot.plt       0x24000014        0x0 load address 0x0800b084
 .igot.plt      0x24000014        0x0 E:/Programme/STM32CubeIDE_1.15.1/STM32CubeIDE/plugins/com.st.stm32cube.ide.mcu.externaltools.gnu-tools-for-stm32.12.3.rel1.win32_1.0.200.202406191623/tools/bin/../lib/gcc/arm-none-eabi/12.3.1/thumb/v7e-m+dp/hard/crtbegin.o
                0x24000014                        . = ALIGN (0x4)

.bss            0x24000014      0x3cc load address 0x0800b084
                0x24000014                        _sbss = .
                0x24000014                        __bss_start__ = _sbss
 *(.bss)
 .bss           0x24000014       0x1c E:/Programme/STM32CubeIDE_1.15.1/STM32CubeIDE/plugins/com.st.stm32cube.ide.mcu.externaltools.gnu-tools-for-stm32.12.3.rel1.win32_1.0.200.202406191623/tools/bin/../lib/gcc/arm-none-eabi/12.3.1/thumb/v7e-m+dp/hard/crtbegin.o
 *(.bss*)
 .bss.hcrc      0x24000030       0x24 ./Core/Src/main.o
                0x24000030                hcrc
 .bss.htim2     0x24000054       0x4c ./Core/Src/main.o
                0x24000054                htim2
 .bss.huart8    0x240000a0       0x94 ./Core/Src/main.o
                0x240000a0                huart8
 .bss.huart2    0x24000134       0x94 ./Core/Src/main.o
                0x24000134                huart2
 .bss.hdma_uart8_tx
                0x240001c8       0x78 ./Core/Src/main.o
                0x240001c8                hdma_uart8_tx
 .bss.hdma_uart8_rx
                0x24000240       0x78 ./Core/Src/main.o
                0x24000240                hdma_uart8_rx
 .bss.hdma_usart2_tx
                0x240002b8       0x78 ./Core/Src/main.o
                0x240002b8                hdma_usart2_tx
 .bss.hdma_usart2_rx
                0x24000330       0x78 ./Core/Src/main.o
                0x24000330                hdma_usart2_rx
 .bss.rxDatagram
                0x240003a8       0x20 ./Core/Src/main.o
                0x240003a8                rxDatagram
 .bss.BatteryAlarm
                0x240003c8        0x1 ./Core/Src/main.o
                0x240003c8                BatteryAlarm
 *fill*         0x240003c9        0x3 
 .bss.PWMStepX  0x240003cc        0x4 ./Core/Src/main.o
                0x240003cc                PWMStepX
 .bss.PWMCounterX
                0x240003d0        0x2 ./Core/Src/main.o
                0x240003d0                PWMCounterX
 *fill*         0x240003d2        0x2 
 .bss.TargetStepsX
                0x240003d4        0x4 ./Core/Src/main.o
                0x240003d4                TargetStepsX
 .bss.PWMEnabledX
                0x240003d8        0x1 ./Core/Src/main.o
                0x240003d8                PWMEnabledX
 *fill*         0x240003d9        0x3 
 .bss.uwTick    0x240003dc        0x4 ./Drivers/STM32H7xx_HAL_Driver/Src/stm32h7xx_hal.o
                0x240003dc                uwTick
 *(COMMON)
                0x240003e0                        . = ALIGN (0x4)
                0x240003e0                        _ebss = .
                0x240003e0                        __bss_end__ = _ebss

._user_heap_stack
                0x240003e0      0x600 load address 0x0800b084
                0x240003e0                        . = ALIGN (0x8)
                [!provide]                        PROVIDE (end = .)
                0x240003e0                        PROVIDE (_end = .)
                0x240005e0                        . = (. + _Min_Heap_Size)
 *fill*         0x240003e0      0x200 
                0x240009e0                        . = (. + _Min_Stack_Size)
 *fill*         0x240005e0      0x400 
                0x240009e0                        . = ALIGN (0x8)

/DISCARD/
 libc.a(*)
 libm.a(*)
 libgcc.a(*)

.ARM.attributes
                0x00000000       0x2e
 *(.ARM.attributes)
 .ARM.attributes
                0x00000000       0x20 E:/Programme/STM32CubeIDE_1.15.1/STM32CubeIDE/plugins/com.st.stm32cube.ide.mcu.externaltools.gnu-tools-for-stm32.12.3.rel1.win32_1.0.200.202406191623/tools/bin/../lib/gcc/arm-none-eabi/12.3.1/thumb/v7e-m+dp/hard/crti.o
 .ARM.attributes
                0x00000020       0x32 E:/Programme/STM32CubeIDE_1.15.1/STM32CubeIDE/plugins/com.st.stm32cube.ide.mcu.externaltools.gnu-tools-for-stm32.12.3.rel1.win32_1.0.200.202406191623/tools/bin/../lib/gcc/arm-none-eabi/12.3.1/thumb/v7e-m+dp/hard/crtbegin.o
 .ARM.attributes
                0x00000052       0x32 ./Core/Src/TMC2209.o
 .ARM.attributes
                0x00000084       0x32 ./Core/Src/main.o
 .ARM.attributes
                0x000000b6       0x32 ./Core/Src/stm32h7xx_hal_msp.o
 .ARM.attributes
                0x000000e8       0x32 ./Core/Src/stm32h7xx_it.o
 .ARM.attributes
                0x0000011a       0x32 ./Core/Src/system_stm32h7xx.o
 .ARM.attributes
                0x0000014c       0x21 ./Core/Startup/startup_stm32h723vgtx.o
 .ARM.attributes
                0x0000016d       0x32 ./Drivers/STM32H7xx_HAL_Driver/Src/stm32h7xx_hal.o
 .ARM.attributes
                0x0000019f       0x32 ./Drivers/STM32H7xx_HAL_Driver/Src/stm32h7xx_hal_cortex.o
 .ARM.attributes
                0x000001d1       0x32 ./Drivers/STM32H7xx_HAL_Driver/Src/stm32h7xx_hal_crc.o
 .ARM.attributes
                0x00000203       0x32 ./Drivers/STM32H7xx_HAL_Driver/Src/stm32h7xx_hal_crc_ex.o
 .ARM.attributes
                0x00000235       0x32 ./Drivers/STM32H7xx_HAL_Driver/Src/stm32h7xx_hal_dma.o
 .ARM.attributes
                0x00000267       0x32 ./Drivers/STM32H7xx_HAL_Driver/Src/stm32h7xx_hal_gpio.o
 .ARM.attributes
                0x00000299       0x32 ./Drivers/STM32H7xx_HAL_Driver/Src/stm32h7xx_hal_pwr_ex.o
 .ARM.attributes
                0x000002cb       0x32 ./Drivers/STM32H7xx_HAL_Driver/Src/stm32h7xx_hal_rcc.o
 .ARM.attributes
                0x000002fd       0x32 ./Drivers/STM32H7xx_HAL_Driver/Src/stm32h7xx_hal_rcc_ex.o
 .ARM.attributes
                0x0000032f       0x32 ./Drivers/STM32H7xx_HAL_Driver/Src/stm32h7xx_hal_tim.o
 .ARM.attributes
                0x00000361       0x32 ./Drivers/STM32H7xx_HAL_Driver/Src/stm32h7xx_hal_tim_ex.o
 .ARM.attributes
                0x00000393       0x32 ./Drivers/STM32H7xx_HAL_Driver/Src/stm32h7xx_hal_uart.o
 .ARM.attributes
                0x000003c5       0x32 ./Drivers/STM32H7xx_HAL_Driver/Src/stm32h7xx_hal_uart_ex.o
 .ARM.attributes
                0x000003f7       0x32 E:/Programme/STM32CubeIDE_1.15.1/STM32CubeIDE/plugins/com.st.stm32cube.ide.mcu.externaltools.gnu-tools-for-stm32.12.3.rel1.win32_1.0.200.202406191623/tools/bin/../lib/gcc/arm-none-eabi/12.3.1/../../../../arm-none-eabi/lib/thumb/v7e-m+dp/hard\libc_nano.a(libc_a-memset.o)
 .ARM.attributes
                0x00000429       0x32 E:/Programme/STM32CubeIDE_1.15.1/STM32CubeIDE/plugins/com.st.stm32cube.ide.mcu.externaltools.gnu-tools-for-stm32.12.3.rel1.win32_1.0.200.202406191623/tools/bin/../lib/gcc/arm-none-eabi/12.3.1/../../../../arm-none-eabi/lib/thumb/v7e-m+dp/hard\libc_nano.a(libc_a-init.o)
 .ARM.attributes
                0x0000045b       0x32 E:/Programme/STM32CubeIDE_1.15.1/STM32CubeIDE/plugins/com.st.stm32cube.ide.mcu.externaltools.gnu-tools-for-stm32.12.3.rel1.win32_1.0.200.202406191623/tools/bin/../lib/gcc/arm-none-eabi/12.3.1/../../../../arm-none-eabi/lib/thumb/v7e-m+dp/hard\libc_nano.a(libc_a-memcpy-stub.o)
 .ARM.attributes
                0x0000048d       0x20 E:/Programme/STM32CubeIDE_1.15.1/STM32CubeIDE/plugins/com.st.stm32cube.ide.mcu.externaltools.gnu-tools-for-stm32.12.3.rel1.win32_1.0.200.202406191623/tools/bin/../lib/gcc/arm-none-eabi/12.3.1/thumb/v7e-m+dp/hard\libgcc.a(_aeabi_uldivmod.o)
 .ARM.attributes
                0x000004ad       0x32 E:/Programme/STM32CubeIDE_1.15.1/STM32CubeIDE/plugins/com.st.stm32cube.ide.mcu.externaltools.gnu-tools-for-stm32.12.3.rel1.win32_1.0.200.202406191623/tools/bin/../lib/gcc/arm-none-eabi/12.3.1/thumb/v7e-m+dp/hard\libgcc.a(_udivmoddi4.o)
 .ARM.attributes
                0x000004df       0x20 E:/Programme/STM32CubeIDE_1.15.1/STM32CubeIDE/plugins/com.st.stm32cube.ide.mcu.externaltools.gnu-tools-for-stm32.12.3.rel1.win32_1.0.200.202406191623/tools/bin/../lib/gcc/arm-none-eabi/12.3.1/thumb/v7e-m+dp/hard\libgcc.a(_dvmd_tls.o)
 .ARM.attributes
                0x000004ff       0x20 E:/Programme/STM32CubeIDE_1.15.1/STM32CubeIDE/plugins/com.st.stm32cube.ide.mcu.externaltools.gnu-tools-for-stm32.12.3.rel1.win32_1.0.200.202406191623/tools/bin/../lib/gcc/arm-none-eabi/12.3.1/thumb/v7e-m+dp/hard/crtn.o
OUTPUT(MarkingRobot-Cube.elf elf32-littlearm)
LOAD linker stubs
LOAD E:/Programme/STM32CubeIDE_1.15.1/STM32CubeIDE/plugins/com.st.stm32cube.ide.mcu.externaltools.gnu-tools-for-stm32.12.3.rel1.win32_1.0.200.202406191623/tools/bin/../lib/gcc/arm-none-eabi/12.3.1/../../../../arm-none-eabi/lib/thumb/v7e-m+dp/hard\libc.a
LOAD E:/Programme/STM32CubeIDE_1.15.1/STM32CubeIDE/plugins/com.st.stm32cube.ide.mcu.externaltools.gnu-tools-for-stm32.12.3.rel1.win32_1.0.200.202406191623/tools/bin/../lib/gcc/arm-none-eabi/12.3.1/../../../../arm-none-eabi/lib/thumb/v7e-m+dp/hard\libm.a
LOAD E:/Programme/STM32CubeIDE_1.15.1/STM32CubeIDE/plugins/com.st.stm32cube.ide.mcu.externaltools.gnu-tools-for-stm32.12.3.rel1.win32_1.0.200.202406191623/tools/bin/../lib/gcc/arm-none-eabi/12.3.1/thumb/v7e-m+dp/hard\libgcc.a

.debug_info     0x00000000    0x1b393
 .debug_info    0x00000000     0x2c2b ./Core/Src/TMC2209.o
 .debug_info    0x00002c2b     0x40a0 ./Core/Src/main.o
 .debug_info    0x00006ccb     0x1ad5 ./Core/Src/stm32h7xx_hal_msp.o
 .debug_info    0x000087a0      0xcc3 ./Core/Src/stm32h7xx_it.o
 .debug_info    0x00009463      0xb2e ./Core/Src/system_stm32h7xx.o
 .debug_info    0x00009f91       0x30 ./Core/Startup/startup_stm32h723vgtx.o
 .debug_info    0x00009fc1     0x1698 ./Drivers/STM32H7xx_HAL_Driver/Src/stm32h7xx_hal.o
 .debug_info    0x0000b659     0x10a0 ./Drivers/STM32H7xx_HAL_Driver/Src/stm32h7xx_hal_cortex.o
 .debug_info    0x0000c6f9      0x528 ./Drivers/STM32H7xx_HAL_Driver/Src/stm32h7xx_hal_crc.o
 .debug_info    0x0000cc21      0x33b ./Drivers/STM32H7xx_HAL_Driver/Src/stm32h7xx_hal_crc_ex.o
 .debug_info    0x0000cf5c      0xb67 ./Drivers/STM32H7xx_HAL_Driver/Src/stm32h7xx_hal_dma.o
 .debug_info    0x0000dac3      0xc5c ./Drivers/STM32H7xx_HAL_Driver/Src/stm32h7xx_hal_gpio.o
 .debug_info    0x0000e71f      0xdc4 ./Drivers/STM32H7xx_HAL_Driver/Src/stm32h7xx_hal_pwr_ex.o
 .debug_info    0x0000f4e3      0xd73 ./Drivers/STM32H7xx_HAL_Driver/Src/stm32h7xx_hal_rcc.o
 .debug_info    0x00010256     0x11fc ./Drivers/STM32H7xx_HAL_Driver/Src/stm32h7xx_hal_rcc_ex.o
 .debug_info    0x00011452     0x2bae ./Drivers/STM32H7xx_HAL_Driver/Src/stm32h7xx_hal_tim.o
 .debug_info    0x00014000     0x18c1 ./Drivers/STM32H7xx_HAL_Driver/Src/stm32h7xx_hal_tim_ex.o
 .debug_info    0x000158c1     0x4b13 ./Drivers/STM32H7xx_HAL_Driver/Src/stm32h7xx_hal_uart.o
 .debug_info    0x0001a3d4      0xfbf ./Drivers/STM32H7xx_HAL_Driver/Src/stm32h7xx_hal_uart_ex.o

.debug_abbrev   0x00000000     0x2fff
 .debug_abbrev  0x00000000      0x485 ./Core/Src/TMC2209.o
 .debug_abbrev  0x00000485      0x5ae ./Core/Src/main.o
 .debug_abbrev  0x00000a33      0x294 ./Core/Src/stm32h7xx_hal_msp.o
 .debug_abbrev  0x00000cc7      0x1b4 ./Core/Src/stm32h7xx_it.o
 .debug_abbrev  0x00000e7b      0x13a ./Core/Src/system_stm32h7xx.o
 .debug_abbrev  0x00000fb5       0x24 ./Core/Startup/startup_stm32h723vgtx.o
 .debug_abbrev  0x00000fd9      0x29e ./Drivers/STM32H7xx_HAL_Driver/Src/stm32h7xx_hal.o
 .debug_abbrev  0x00001277      0x339 ./Drivers/STM32H7xx_HAL_Driver/Src/stm32h7xx_hal_cortex.o
 .debug_abbrev  0x000015b0      0x1ee ./Drivers/STM32H7xx_HAL_Driver/Src/stm32h7xx_hal_crc.o
 .debug_abbrev  0x0000179e      0x151 ./Drivers/STM32H7xx_HAL_Driver/Src/stm32h7xx_hal_crc_ex.o
 .debug_abbrev  0x000018ef      0x248 ./Drivers/STM32H7xx_HAL_Driver/Src/stm32h7xx_hal_dma.o
 .debug_abbrev  0x00001b37      0x1fe ./Drivers/STM32H7xx_HAL_Driver/Src/stm32h7xx_hal_gpio.o
 .debug_abbrev  0x00001d35      0x295 ./Drivers/STM32H7xx_HAL_Driver/Src/stm32h7xx_hal_pwr_ex.o
 .debug_abbrev  0x00001fca      0x2b1 ./Drivers/STM32H7xx_HAL_Driver/Src/stm32h7xx_hal_rcc.o
 .debug_abbrev  0x0000227b      0x269 ./Drivers/STM32H7xx_HAL_Driver/Src/stm32h7xx_hal_rcc_ex.o
 .debug_abbrev  0x000024e4      0x276 ./Drivers/STM32H7xx_HAL_Driver/Src/stm32h7xx_hal_tim.o
 .debug_abbrev  0x0000275a      0x296 ./Drivers/STM32H7xx_HAL_Driver/Src/stm32h7xx_hal_tim_ex.o
 .debug_abbrev  0x000029f0      0x33d ./Drivers/STM32H7xx_HAL_Driver/Src/stm32h7xx_hal_uart.o
 .debug_abbrev  0x00002d2d      0x2d2 ./Drivers/STM32H7xx_HAL_Driver/Src/stm32h7xx_hal_uart_ex.o

.debug_aranges  0x00000000     0x1240
 .debug_aranges
                0x00000000       0xc8 ./Core/Src/TMC2209.o
 .debug_aranges
                0x000000c8       0x88 ./Core/Src/main.o
 .debug_aranges
                0x00000150       0x50 ./Core/Src/stm32h7xx_hal_msp.o
 .debug_aranges
                0x000001a0       0xa0 ./Core/Src/stm32h7xx_it.o
 .debug_aranges
                0x00000240       0x28 ./Core/Src/system_stm32h7xx.o
 .debug_aranges
                0x00000268       0x28 ./Core/Startup/startup_stm32h723vgtx.o
 .debug_aranges
                0x00000290      0x1c8 ./Drivers/STM32H7xx_HAL_Driver/Src/stm32h7xx_hal.o
 .debug_aranges
                0x00000458      0x130 ./Drivers/STM32H7xx_HAL_Driver/Src/stm32h7xx_hal_cortex.o
 .debug_aranges
                0x00000588       0x60 ./Drivers/STM32H7xx_HAL_Driver/Src/stm32h7xx_hal_crc.o
 .debug_aranges
                0x000005e8       0x30 ./Drivers/STM32H7xx_HAL_Driver/Src/stm32h7xx_hal_crc_ex.o
 .debug_aranges
                0x00000618       0xa0 ./Drivers/STM32H7xx_HAL_Driver/Src/stm32h7xx_hal_dma.o
 .debug_aranges
                0x000006b8       0x58 ./Drivers/STM32H7xx_HAL_Driver/Src/stm32h7xx_hal_gpio.o
 .debug_aranges
                0x00000710      0x148 ./Drivers/STM32H7xx_HAL_Driver/Src/stm32h7xx_hal_pwr_ex.o
 .debug_aranges
                0x00000858       0x88 ./Drivers/STM32H7xx_HAL_Driver/Src/stm32h7xx_hal_rcc.o
 .debug_aranges
                0x000008e0       0xf8 ./Drivers/STM32H7xx_HAL_Driver/Src/stm32h7xx_hal_rcc_ex.o
 .debug_aranges
                0x000009d8      0x3e0 ./Drivers/STM32H7xx_HAL_Driver/Src/stm32h7xx_hal_tim.o
 .debug_aranges
                0x00000db8      0x198 ./Drivers/STM32H7xx_HAL_Driver/Src/stm32h7xx_hal_tim_ex.o
 .debug_aranges
                0x00000f50      0x248 ./Drivers/STM32H7xx_HAL_Driver/Src/stm32h7xx_hal_uart.o
 .debug_aranges
                0x00001198       0xa8 ./Drivers/STM32H7xx_HAL_Driver/Src/stm32h7xx_hal_uart_ex.o

.debug_rnglists
                0x00000000      0xe42
 .debug_rnglists
                0x00000000       0x91 ./Core/Src/TMC2209.o
 .debug_rnglists
                0x00000091       0x69 ./Core/Src/main.o
 .debug_rnglists
                0x000000fa       0x39 ./Core/Src/stm32h7xx_hal_msp.o
 .debug_rnglists
                0x00000133       0x73 ./Core/Src/stm32h7xx_it.o
 .debug_rnglists
                0x000001a6       0x1b ./Core/Src/system_stm32h7xx.o
 .debug_rnglists
                0x000001c1       0x19 ./Core/Startup/startup_stm32h723vgtx.o
 .debug_rnglists
                0x000001da      0x155 ./Drivers/STM32H7xx_HAL_Driver/Src/stm32h7xx_hal.o
 .debug_rnglists
                0x0000032f       0xe0 ./Drivers/STM32H7xx_HAL_Driver/Src/stm32h7xx_hal_cortex.o
 .debug_rnglists
                0x0000040f       0x47 ./Drivers/STM32H7xx_HAL_Driver/Src/stm32h7xx_hal_crc.o
 .debug_rnglists
                0x00000456       0x20 ./Drivers/STM32H7xx_HAL_Driver/Src/stm32h7xx_hal_crc_ex.o
 .debug_rnglists
                0x00000476       0x82 ./Drivers/STM32H7xx_HAL_Driver/Src/stm32h7xx_hal_dma.o
 .debug_rnglists
                0x000004f8       0x3f ./Drivers/STM32H7xx_HAL_Driver/Src/stm32h7xx_hal_gpio.o
 .debug_rnglists
                0x00000537       0xf5 ./Drivers/STM32H7xx_HAL_Driver/Src/stm32h7xx_hal_pwr_ex.o
 .debug_rnglists
                0x0000062c       0x68 ./Drivers/STM32H7xx_HAL_Driver/Src/stm32h7xx_hal_rcc.o
 .debug_rnglists
                0x00000694       0xc0 ./Drivers/STM32H7xx_HAL_Driver/Src/stm32h7xx_hal_rcc_ex.o
 .debug_rnglists
                0x00000754      0x328 ./Drivers/STM32H7xx_HAL_Driver/Src/stm32h7xx_hal_tim.o
 .debug_rnglists
                0x00000a7c      0x14d ./Drivers/STM32H7xx_HAL_Driver/Src/stm32h7xx_hal_tim_ex.o
 .debug_rnglists
                0x00000bc9      0x1fa ./Drivers/STM32H7xx_HAL_Driver/Src/stm32h7xx_hal_uart.o
 .debug_rnglists
                0x00000dc3       0x7f ./Drivers/STM32H7xx_HAL_Driver/Src/stm32h7xx_hal_uart_ex.o

.debug_macro    0x00000000    0x33f17
 .debug_macro   0x00000000      0x375 ./Core/Src/TMC2209.o
 .debug_macro   0x00000375      0xba4 ./Core/Src/TMC2209.o
 .debug_macro   0x00000f19      0x23e ./Core/Src/TMC2209.o
 .debug_macro   0x00001157       0x2e ./Core/Src/TMC2209.o
 .debug_macro   0x00001185       0x3b ./Core/Src/TMC2209.o
 .debug_macro   0x000011c0       0x1c ./Core/Src/TMC2209.o
 .debug_macro   0x000011dc       0x22 ./Core/Src/TMC2209.o
 .debug_macro   0x000011fe       0x8e ./Core/Src/TMC2209.o
 .debug_macro   0x0000128c       0x51 ./Core/Src/TMC2209.o
 .debug_macro   0x000012dd      0x103 ./Core/Src/TMC2209.o
 .debug_macro   0x000013e0       0x6a ./Core/Src/TMC2209.o
 .debug_macro   0x0000144a      0x1df ./Core/Src/TMC2209.o
 .debug_macro   0x00001629       0x1c ./Core/Src/TMC2209.o
 .debug_macro   0x00001645       0x22 ./Core/Src/TMC2209.o
 .debug_macro   0x00001667       0xfb ./Core/Src/TMC2209.o
 .debug_macro   0x00001762     0x1305 ./Core/Src/TMC2209.o
 .debug_macro   0x00002a67      0x11f ./Core/Src/TMC2209.o
 .debug_macro   0x00002b86       0x27 ./Core/Src/TMC2209.o
 .debug_macro   0x00002bad    0x2127f ./Core/Src/TMC2209.o
 .debug_macro   0x00023e2c       0x6d ./Core/Src/TMC2209.o
 .debug_macro   0x00023e99     0x3d64 ./Core/Src/TMC2209.o
 .debug_macro   0x00027bfd      0x190 ./Core/Src/TMC2209.o
 .debug_macro   0x00027d8d      0x1d6 ./Core/Src/TMC2209.o
 .debug_macro   0x00027f63       0x10 ./Core/Src/TMC2209.o
 .debug_macro   0x00027f73      0x417 ./Core/Src/TMC2209.o
 .debug_macro   0x0002838a       0x18 ./Core/Src/TMC2209.o
 .debug_macro   0x000283a2       0x61 ./Core/Src/TMC2209.o
 .debug_macro   0x00028403       0x29 ./Core/Src/TMC2209.o
 .debug_macro   0x0002842c       0x43 ./Core/Src/TMC2209.o
 .debug_macro   0x0002846f       0x34 ./Core/Src/TMC2209.o
 .debug_macro   0x000284a3       0x16 ./Core/Src/TMC2209.o
 .debug_macro   0x000284b9       0x43 ./Core/Src/TMC2209.o
 .debug_macro   0x000284fc       0x34 ./Core/Src/TMC2209.o
 .debug_macro   0x00028530       0x10 ./Core/Src/TMC2209.o
 .debug_macro   0x00028540       0x58 ./Core/Src/TMC2209.o
 .debug_macro   0x00028598       0x8e ./Core/Src/TMC2209.o
 .debug_macro   0x00028626       0x16 ./Core/Src/TMC2209.o
 .debug_macro   0x0002863c      0x177 ./Core/Src/TMC2209.o
 .debug_macro   0x000287b3      0x38c ./Core/Src/TMC2209.o
 .debug_macro   0x00028b3f      0x194 ./Core/Src/TMC2209.o
 .debug_macro   0x00028cd3       0x10 ./Core/Src/TMC2209.o
 .debug_macro   0x00028ce3       0x16 ./Core/Src/TMC2209.o
 .debug_macro   0x00028cf9       0x35 ./Core/Src/TMC2209.o
 .debug_macro   0x00028d2e       0x16 ./Core/Src/TMC2209.o
 .debug_macro   0x00028d44       0x29 ./Core/Src/TMC2209.o
 .debug_macro   0x00028d6d       0x10 ./Core/Src/TMC2209.o
 .debug_macro   0x00028d7d      0x3c7 ./Core/Src/TMC2209.o
 .debug_macro   0x00029144       0x5d ./Core/Src/TMC2209.o
 .debug_macro   0x000291a1     0x2462 ./Core/Src/TMC2209.o
 .debug_macro   0x0002b603     0x1079 ./Core/Src/TMC2209.o
 .debug_macro   0x0002c67c      0x154 ./Core/Src/TMC2209.o
 .debug_macro   0x0002c7d0      0x114 ./Core/Src/TMC2209.o
 .debug_macro   0x0002c8e4      0x3fc ./Core/Src/TMC2209.o
 .debug_macro   0x0002cce0       0xac ./Core/Src/TMC2209.o
 .debug_macro   0x0002cd8c      0x788 ./Core/Src/TMC2209.o
 .debug_macro   0x0002d514      0x228 ./Core/Src/TMC2209.o
 .debug_macro   0x0002d73c       0x66 ./Core/Src/TMC2209.o
 .debug_macro   0x0002d7a2      0x3a6 ./Core/Src/TMC2209.o
 .debug_macro   0x0002db48      0x3f9 ./Core/Src/TMC2209.o
 .debug_macro   0x0002df41      0x275 ./Core/Src/TMC2209.o
 .debug_macro   0x0002e1b6       0xc7 ./Core/Src/TMC2209.o
 .debug_macro   0x0002e27d       0x4c ./Core/Src/TMC2209.o
 .debug_macro   0x0002e2c9      0x3ca ./Core/Src/TMC2209.o
 .debug_macro   0x0002e693      0x45c ./Core/Src/TMC2209.o
 .debug_macro   0x0002eaef       0x3c ./Core/Src/TMC2209.o
 .debug_macro   0x0002eb2b       0x4a ./Core/Src/TMC2209.o
 .debug_macro   0x0002eb75      0x22c ./Core/Src/TMC2209.o
 .debug_macro   0x0002eda1       0x67 ./Core/Src/TMC2209.o
 .debug_macro   0x0002ee08       0xa5 ./Core/Src/TMC2209.o
 .debug_macro   0x0002eead      0x1c4 ./Core/Src/TMC2209.o
 .debug_macro   0x0002f071      0x22a ./Core/Src/TMC2209.o
 .debug_macro   0x0002f29b       0x35 ./Core/Src/TMC2209.o
 .debug_macro   0x0002f2d0      0xb24 ./Core/Src/TMC2209.o
 .debug_macro   0x0002fdf4      0x29f ./Core/Src/TMC2209.o
 .debug_macro   0x00030093      0x693 ./Core/Src/TMC2209.o
 .debug_macro   0x00030726       0xa6 ./Core/Src/TMC2209.o
 .debug_macro   0x000307cc      0x5e6 ./Core/Src/TMC2209.o
 .debug_macro   0x00030db2       0xb8 ./Core/Src/TMC2209.o
 .debug_macro   0x00030e6a      0x387 ./Core/Src/main.o
 .debug_macro   0x000311f1      0x2cb ./Core/Src/stm32h7xx_hal_msp.o
 .debug_macro   0x000314bc      0x2d5 ./Core/Src/stm32h7xx_it.o
 .debug_macro   0x00031791      0x2bc ./Core/Src/system_stm32h7xx.o
 .debug_macro   0x00031a4d      0x2e6 ./Drivers/STM32H7xx_HAL_Driver/Src/stm32h7xx_hal.o
 .debug_macro   0x00031d33      0x2bc ./Drivers/STM32H7xx_HAL_Driver/Src/stm32h7xx_hal_cortex.o
 .debug_macro   0x00031fef      0x2bc ./Drivers/STM32H7xx_HAL_Driver/Src/stm32h7xx_hal_crc.o
 .debug_macro   0x000322ab      0x2bc ./Drivers/STM32H7xx_HAL_Driver/Src/stm32h7xx_hal_crc_ex.o
 .debug_macro   0x00032567      0x310 ./Drivers/STM32H7xx_HAL_Driver/Src/stm32h7xx_hal_dma.o
 .debug_macro   0x00032877      0x2c3 ./Drivers/STM32H7xx_HAL_Driver/Src/stm32h7xx_hal_gpio.o
 .debug_macro   0x00032b3a      0x2f5 ./Drivers/STM32H7xx_HAL_Driver/Src/stm32h7xx_hal_pwr_ex.o
 .debug_macro   0x00032e2f      0x2e0 ./Drivers/STM32H7xx_HAL_Driver/Src/stm32h7xx_hal_rcc.o
 .debug_macro   0x0003310f      0x2da ./Drivers/STM32H7xx_HAL_Driver/Src/stm32h7xx_hal_rcc_ex.o
 .debug_macro   0x000333e9      0x2bd ./Drivers/STM32H7xx_HAL_Driver/Src/stm32h7xx_hal_tim.o
 .debug_macro   0x000336a6      0x2c2 ./Drivers/STM32H7xx_HAL_Driver/Src/stm32h7xx_hal_tim_ex.o
 .debug_macro   0x00033968      0x2e7 ./Drivers/STM32H7xx_HAL_Driver/Src/stm32h7xx_hal_uart.o
 .debug_macro   0x00033c4f      0x2c8 ./Drivers/STM32H7xx_HAL_Driver/Src/stm32h7xx_hal_uart_ex.o

.debug_line     0x00000000    0x1aa42
 .debug_line    0x00000000      0xff4 ./Core/Src/TMC2209.o
 .debug_line    0x00000ff4     0x1208 ./Core/Src/main.o
 .debug_line    0x000021fc      0xbab ./Core/Src/stm32h7xx_hal_msp.o
 .debug_line    0x00002da7      0xb75 ./Core/Src/stm32h7xx_it.o
 .debug_line    0x0000391c      0xba3 ./Core/Src/system_stm32h7xx.o
 .debug_line    0x000044bf       0x7a ./Core/Startup/startup_stm32h723vgtx.o
 .debug_line    0x00004539     0x1034 ./Drivers/STM32H7xx_HAL_Driver/Src/stm32h7xx_hal.o
 .debug_line    0x0000556d      0xfd2 ./Drivers/STM32H7xx_HAL_Driver/Src/stm32h7xx_hal_cortex.o
 .debug_line    0x0000653f      0xd33 ./Drivers/STM32H7xx_HAL_Driver/Src/stm32h7xx_hal_crc.o
 .debug_line    0x00007272      0xaaf ./Drivers/STM32H7xx_HAL_Driver/Src/stm32h7xx_hal_crc_ex.o
 .debug_line    0x00007d21     0x2909 ./Drivers/STM32H7xx_HAL_Driver/Src/stm32h7xx_hal_dma.o
 .debug_line    0x0000a62a      0xe67 ./Drivers/STM32H7xx_HAL_Driver/Src/stm32h7xx_hal_gpio.o
 .debug_line    0x0000b491     0x1021 ./Drivers/STM32H7xx_HAL_Driver/Src/stm32h7xx_hal_pwr_ex.o
 .debug_line    0x0000c4b2     0x14ca ./Drivers/STM32H7xx_HAL_Driver/Src/stm32h7xx_hal_rcc.o
 .debug_line    0x0000d97c     0x1d99 ./Drivers/STM32H7xx_HAL_Driver/Src/stm32h7xx_hal_rcc_ex.o
 .debug_line    0x0000f715     0x41c5 ./Drivers/STM32H7xx_HAL_Driver/Src/stm32h7xx_hal_tim.o
 .debug_line    0x000138da     0x2097 ./Drivers/STM32H7xx_HAL_Driver/Src/stm32h7xx_hal_tim_ex.o
 .debug_line    0x00015971     0x4090 ./Drivers/STM32H7xx_HAL_Driver/Src/stm32h7xx_hal_uart.o
 .debug_line    0x00019a01     0x1041 ./Drivers/STM32H7xx_HAL_Driver/Src/stm32h7xx_hal_uart_ex.o

.debug_str      0x00000000   0x150b09
 .debug_str     0x00000000   0x14a58f ./Core/Src/TMC2209.o
                             0x14ac7d (size before relaxing)
 .debug_str     0x0014a58f     0x15b5 ./Core/Src/main.o
                             0x14c483 (size before relaxing)
 .debug_str     0x0014bb44      0x6e5 ./Core/Src/stm32h7xx_hal_msp.o
                             0x147cb1 (size before relaxing)
 .debug_str     0x0014c229      0x1c4 ./Core/Src/stm32h7xx_it.o
                             0x146dff (size before relaxing)
 .debug_str     0x0014c3ed      0x2a6 ./Core/Src/system_stm32h7xx.o
                             0x1465a1 (size before relaxing)
 .debug_str     0x0014c693       0x44 ./Core/Startup/startup_stm32h723vgtx.o
                                 0x7a (size before relaxing)
 .debug_str     0x0014c6d7      0x9ae ./Drivers/STM32H7xx_HAL_Driver/Src/stm32h7xx_hal.o
                             0x14762b (size before relaxing)
 .debug_str     0x0014d085      0x2af ./Drivers/STM32H7xx_HAL_Driver/Src/stm32h7xx_hal_cortex.o
                             0x146f45 (size before relaxing)
 .debug_str     0x0014d334       0xba ./Drivers/STM32H7xx_HAL_Driver/Src/stm32h7xx_hal_crc.o
                             0x146396 (size before relaxing)
 .debug_str     0x0014d3ee       0x69 ./Drivers/STM32H7xx_HAL_Driver/Src/stm32h7xx_hal_crc_ex.o
                             0x14633c (size before relaxing)
 .debug_str     0x0014d457      0x8af ./Drivers/STM32H7xx_HAL_Driver/Src/stm32h7xx_hal_dma.o
                             0x146d56 (size before relaxing)
 .debug_str     0x0014dd06       0xa0 ./Drivers/STM32H7xx_HAL_Driver/Src/stm32h7xx_hal_gpio.o
                             0x1465ec (size before relaxing)
 .debug_str     0x0014dda6      0x5ee ./Drivers/STM32H7xx_HAL_Driver/Src/stm32h7xx_hal_pwr_ex.o
                             0x1469f4 (size before relaxing)
 .debug_str     0x0014e394      0x22e ./Drivers/STM32H7xx_HAL_Driver/Src/stm32h7xx_hal_rcc.o
                             0x14696f (size before relaxing)
 .debug_str     0x0014e5c2      0x64b ./Drivers/STM32H7xx_HAL_Driver/Src/stm32h7xx_hal_rcc_ex.o
                             0x146e87 (size before relaxing)
 .debug_str     0x0014ec0d      0xd62 ./Drivers/STM32H7xx_HAL_Driver/Src/stm32h7xx_hal_tim.o
                             0x14776d (size before relaxing)
 .debug_str     0x0014f96f      0x5ff ./Drivers/STM32H7xx_HAL_Driver/Src/stm32h7xx_hal_tim_ex.o
                             0x14711a (size before relaxing)
 .debug_str     0x0014ff6e      0x952 ./Drivers/STM32H7xx_HAL_Driver/Src/stm32h7xx_hal_uart.o
                             0x14750f (size before relaxing)
 .debug_str     0x001508c0      0x249 ./Drivers/STM32H7xx_HAL_Driver/Src/stm32h7xx_hal_uart_ex.o
                             0x146acf (size before relaxing)

.comment        0x00000000       0x43
 .comment       0x00000000       0x43 ./Core/Src/TMC2209.o
                                 0x44 (size before relaxing)
 .comment       0x00000043       0x44 ./Core/Src/main.o
 .comment       0x00000043       0x44 ./Core/Src/stm32h7xx_hal_msp.o
 .comment       0x00000043       0x44 ./Core/Src/stm32h7xx_it.o
 .comment       0x00000043       0x44 ./Core/Src/system_stm32h7xx.o
 .comment       0x00000043       0x44 ./Drivers/STM32H7xx_HAL_Driver/Src/stm32h7xx_hal.o
 .comment       0x00000043       0x44 ./Drivers/STM32H7xx_HAL_Driver/Src/stm32h7xx_hal_cortex.o
 .comment       0x00000043       0x44 ./Drivers/STM32H7xx_HAL_Driver/Src/stm32h7xx_hal_crc.o
 .comment       0x00000043       0x44 ./Drivers/STM32H7xx_HAL_Driver/Src/stm32h7xx_hal_crc_ex.o
 .comment       0x00000043       0x44 ./Drivers/STM32H7xx_HAL_Driver/Src/stm32h7xx_hal_dma.o
 .comment       0x00000043       0x44 ./Drivers/STM32H7xx_HAL_Driver/Src/stm32h7xx_hal_gpio.o
 .comment       0x00000043       0x44 ./Drivers/STM32H7xx_HAL_Driver/Src/stm32h7xx_hal_pwr_ex.o
 .comment       0x00000043       0x44 ./Drivers/STM32H7xx_HAL_Driver/Src/stm32h7xx_hal_rcc.o
 .comment       0x00000043       0x44 ./Drivers/STM32H7xx_HAL_Driver/Src/stm32h7xx_hal_rcc_ex.o
 .comment       0x00000043       0x44 ./Drivers/STM32H7xx_HAL_Driver/Src/stm32h7xx_hal_tim.o
 .comment       0x00000043       0x44 ./Drivers/STM32H7xx_HAL_Driver/Src/stm32h7xx_hal_tim_ex.o
 .comment       0x00000043       0x44 ./Drivers/STM32H7xx_HAL_Driver/Src/stm32h7xx_hal_uart.o
 .comment       0x00000043       0x44 ./Drivers/STM32H7xx_HAL_Driver/Src/stm32h7xx_hal_uart_ex.o

.debug_frame    0x00000000     0x4dc4
 .debug_frame   0x00000000      0x368 ./Core/Src/TMC2209.o
 .debug_frame   0x00000368      0x1f4 ./Core/Src/main.o
 .debug_frame   0x0000055c      0x11c ./Core/Src/stm32h7xx_hal_msp.o
 .debug_frame   0x00000678      0x1e4 ./Core/Src/stm32h7xx_it.o
 .debug_frame   0x0000085c       0x58 ./Core/Src/system_stm32h7xx.o
 .debug_frame   0x000008b4      0x760 ./Drivers/STM32H7xx_HAL_Driver/Src/stm32h7xx_hal.o
 .debug_frame   0x00001014      0x508 ./Drivers/STM32H7xx_HAL_Driver/Src/stm32h7xx_hal_cortex.o
 .debug_frame   0x0000151c      0x168 ./Drivers/STM32H7xx_HAL_Driver/Src/stm32h7xx_hal_crc.o
 .debug_frame   0x00001684       0x88 ./Drivers/STM32H7xx_HAL_Driver/Src/stm32h7xx_hal_crc_ex.o
 .debug_frame   0x0000170c      0x2b4 ./Drivers/STM32H7xx_HAL_Driver/Src/stm32h7xx_hal_dma.o
 .debug_frame   0x000019c0      0x14c ./Drivers/STM32H7xx_HAL_Driver/Src/stm32h7xx_hal_gpio.o
 .debug_frame   0x00001b0c      0x540 ./Drivers/STM32H7xx_HAL_Driver/Src/stm32h7xx_hal_pwr_ex.o
 .debug_frame   0x0000204c      0x1fc ./Drivers/STM32H7xx_HAL_Driver/Src/stm32h7xx_hal_rcc.o
 .debug_frame   0x00002248      0x414 ./Drivers/STM32H7xx_HAL_Driver/Src/stm32h7xx_hal_rcc_ex.o
 .debug_frame   0x0000265c     0x121c ./Drivers/STM32H7xx_HAL_Driver/Src/stm32h7xx_hal_tim.o
 .debug_frame   0x00003878      0x724 ./Drivers/STM32H7xx_HAL_Driver/Src/stm32h7xx_hal_tim_ex.o
 .debug_frame   0x00003f9c      0xa94 ./Drivers/STM32H7xx_HAL_Driver/Src/stm32h7xx_hal_uart.o
 .debug_frame   0x00004a30      0x2c0 ./Drivers/STM32H7xx_HAL_Driver/Src/stm32h7xx_hal_uart_ex.o
 .debug_frame   0x00004cf0       0x20 E:/Programme/STM32CubeIDE_1.15.1/STM32CubeIDE/plugins/com.st.stm32cube.ide.mcu.externaltools.gnu-tools-for-stm32.12.3.rel1.win32_1.0.200.202406191623/tools/bin/../lib/gcc/arm-none-eabi/12.3.1/../../../../arm-none-eabi/lib/thumb/v7e-m+dp/hard\libc_nano.a(libc_a-memset.o)
 .debug_frame   0x00004d10       0x2c E:/Programme/STM32CubeIDE_1.15.1/STM32CubeIDE/plugins/com.st.stm32cube.ide.mcu.externaltools.gnu-tools-for-stm32.12.3.rel1.win32_1.0.200.202406191623/tools/bin/../lib/gcc/arm-none-eabi/12.3.1/../../../../arm-none-eabi/lib/thumb/v7e-m+dp/hard\libc_nano.a(libc_a-init.o)
 .debug_frame   0x00004d3c       0x28 E:/Programme/STM32CubeIDE_1.15.1/STM32CubeIDE/plugins/com.st.stm32cube.ide.mcu.externaltools.gnu-tools-for-stm32.12.3.rel1.win32_1.0.200.202406191623/tools/bin/../lib/gcc/arm-none-eabi/12.3.1/../../../../arm-none-eabi/lib/thumb/v7e-m+dp/hard\libc_nano.a(libc_a-memcpy-stub.o)
 .debug_frame   0x00004d64       0x2c E:/Programme/STM32CubeIDE_1.15.1/STM32CubeIDE/plugins/com.st.stm32cube.ide.mcu.externaltools.gnu-tools-for-stm32.12.3.rel1.win32_1.0.200.202406191623/tools/bin/../lib/gcc/arm-none-eabi/12.3.1/thumb/v7e-m+dp/hard\libgcc.a(_aeabi_uldivmod.o)
 .debug_frame   0x00004d90       0x34 E:/Programme/STM32CubeIDE_1.15.1/STM32CubeIDE/plugins/com.st.stm32cube.ide.mcu.externaltools.gnu-tools-for-stm32.12.3.rel1.win32_1.0.200.202406191623/tools/bin/../lib/gcc/arm-none-eabi/12.3.1/thumb/v7e-m+dp/hard\libgcc.a(_udivmoddi4.o)

.debug_line_str
                0x00000000       0x5e
 .debug_line_str
                0x00000000       0x5e ./Core/Startup/startup_stm32h723vgtx.o
