../Core/Src/main.cpp:117:5:int main()	8	static
../Core/Src/main.cpp:190:6:void SystemClock_Config()	120	static
../Core/Src/main.cpp:248:13:void MX_CRC_Init()	16	static
../Core/Src/main.cpp:280:13:void MX_TIM2_Init()	64	static
../Core/Src/main.cpp:334:13:void MX_UART8_Init()	8	static
../Core/Src/main.cpp:379:13:void MX_USART2_UART_Init()	8	static
../Core/Src/main.cpp:422:13:void MX_DMA_Init()	16	static
../Core/Src/main.cpp:447:13:void MX_GPIO_Init()	48	static
../Core/Src/main.cpp:520:6:void HAL_GPIO_EXTI_Callback(uint16_t)	16	static
../Core/Src/main.cpp:531:6:void HAL_TIM_PeriodElapsedCallback(TIM_HandleTypeDef*)	16	static
../Core/Src/main.cpp:559:6:void HAL_UART_TxCpltCallback(UART_HandleTypeDef*)	16	static
../Core/Src/main.cpp:574:6:void HAL_UARTEx_RxEventCallback(UART_HandleTypeDef*, uint16_t)	16	static
../Core/Src/main.cpp:591:6:void MPU_Config()	24	static
../Core/Src/main.cpp:621:6:void Error_Handler()	8	static,ignoring_inline_asm
../Core/Src/main.cpp:630:1:void __static_initialization_and_destruction_0(int, int)	16	static
../Core/Src/main.cpp:630:1:cpp)	8	static
