../Core/Inc/utils.h:8:19:int constrain(int, int, int)	24	static
../Core/Inc/utils.h:14:19:int map(int, int, int, int, int)	24	static
../Core/Src/TMC2209.cpp:27:1:TMC2209::TMC2209()	16	static
../Core/Src/TMC2209.cpp:31:6:void TMC2209::setup()	16	static
../Core/Src/TMC2209.cpp:35:6:void TMC2209::enable()	16	static
../Core/Src/TMC2209.cpp:40:6:void TMC2209::disable()	16	static
../Core/Src/TMC2209.cpp:45:6:void TMC2209::setMicrosteps(uint16_t)	16	static
../Core/Src/TMC2209.cpp:49:10:uint16_t getMicrosteps()	4	static
../Core/Src/TMC2209.cpp:53:9:uint8_t TMC2209::percentToCurrentSetting(uint8_t)	32	static
../Core/Src/TMC2209.cpp:60:9:uint8_t TMC2209::currentSettingToPercent(uint8_t)	32	static
../Core/Src/TMC2209.cpp:66:6:void TMC2209::setRunCurrent(uint8_t)	16	static
../Core/Src/TMC2209.cpp:70:6:void TMC2209::setHoldCurrent(uint8_t)	16	static
../Core/Src/TMC2209.cpp:74:6:void TMC2209::setHoldDelay(uint8_t)	16	static
../Core/Src/TMC2209.cpp:78:6:void TMC2209::doubleEdge(uint8_t)	16	static
../Core/Src/TMC2209.cpp:82:6:void TMC2209::inverseMotorDirection(uint8_t)	16	static
../Core/Src/TMC2209.cpp:86:6:void TMC2209::setStandstillMode(uint8_t)	16	static
../Core/Src/TMC2209.cpp:90:6:void TMC2209::AutomaticCurrentScaling(uint8_t)	16	static
../Core/Src/TMC2209.cpp:94:6:void TMC2209::moveAtVelocity(int32_t)	16	static
../Core/Src/TMC2209.cpp:98:6:void TMC2209::moveUsingStepDirInterface()	16	static
../Core/Src/TMC2209.cpp:102:6:void TMC2209::stealthChop(uint8_t)	16	static
../Core/Src/TMC2209.cpp:106:9:uint8_t TMC2209::getInterfaceTransmissionCounter()	16	static
../Core/Src/TMC2209.cpp:110:10:uint16_t TMC2209::getMicrostepCounter()	16	static
